Archive member included to satisfy reference by file (symbol)

C:/ST/STM32CubeIDE_1.13.2/STM32CubeIDE/plugins/com.st.stm32cube.ide.mcu.externaltools.gnu-tools-for-stm32.11.3.rel1.win32_1.1.1.202309131626/tools/bin/../lib/gcc/arm-none-eabi/11.3.1/../../../../arm-none-eabi/lib/thumb/v7e-m+dp/hard\libc_nano.a(libc_a-exit.o)
                              C:/ST/STM32CubeIDE_1.13.2/STM32CubeIDE/plugins/com.st.stm32cube.ide.mcu.externaltools.gnu-tools-for-stm32.11.3.rel1.win32_1.1.1.202309131626/tools/bin/../lib/gcc/arm-none-eabi/11.3.1/../../../../arm-none-eabi/lib/thumb/v7e-m+dp/hard/crt0.o (exit)
C:/ST/STM32CubeIDE_1.13.2/STM32CubeIDE/plugins/com.st.stm32cube.ide.mcu.externaltools.gnu-tools-for-stm32.11.3.rel1.win32_1.1.1.202309131626/tools/bin/../lib/gcc/arm-none-eabi/11.3.1/../../../../arm-none-eabi/lib/thumb/v7e-m+dp/hard\libc_nano.a(libc_a-malloc.o)
                              ./Core/Src/LTC681x.o (malloc)
C:/ST/STM32CubeIDE_1.13.2/STM32CubeIDE/plugins/com.st.stm32cube.ide.mcu.externaltools.gnu-tools-for-stm32.11.3.rel1.win32_1.1.1.202309131626/tools/bin/../lib/gcc/arm-none-eabi/11.3.1/../../../../arm-none-eabi/lib/thumb/v7e-m+dp/hard\libc_nano.a(libc_a-mallocr.o)
                              C:/ST/STM32CubeIDE_1.13.2/STM32CubeIDE/plugins/com.st.stm32cube.ide.mcu.externaltools.gnu-tools-for-stm32.11.3.rel1.win32_1.1.1.202309131626/tools/bin/../lib/gcc/arm-none-eabi/11.3.1/../../../../arm-none-eabi/lib/thumb/v7e-m+dp/hard\libc_nano.a(libc_a-malloc.o) (_malloc_r)
C:/ST/STM32CubeIDE_1.13.2/STM32CubeIDE/plugins/com.st.stm32cube.ide.mcu.externaltools.gnu-tools-for-stm32.11.3.rel1.win32_1.1.1.202309131626/tools/bin/../lib/gcc/arm-none-eabi/11.3.1/../../../../arm-none-eabi/lib/thumb/v7e-m+dp/hard\libc_nano.a(libc_a-mlock.o)
                              C:/ST/STM32CubeIDE_1.13.2/STM32CubeIDE/plugins/com.st.stm32cube.ide.mcu.externaltools.gnu-tools-for-stm32.11.3.rel1.win32_1.1.1.202309131626/tools/bin/../lib/gcc/arm-none-eabi/11.3.1/../../../../arm-none-eabi/lib/thumb/v7e-m+dp/hard\libc_nano.a(libc_a-mallocr.o) (__malloc_lock)
C:/ST/STM32CubeIDE_1.13.2/STM32CubeIDE/plugins/com.st.stm32cube.ide.mcu.externaltools.gnu-tools-for-stm32.11.3.rel1.win32_1.1.1.202309131626/tools/bin/../lib/gcc/arm-none-eabi/11.3.1/../../../../arm-none-eabi/lib/thumb/v7e-m+dp/hard\libc_nano.a(libc_a-findfp.o)
                              C:/ST/STM32CubeIDE_1.13.2/STM32CubeIDE/plugins/com.st.stm32cube.ide.mcu.externaltools.gnu-tools-for-stm32.11.3.rel1.win32_1.1.1.202309131626/tools/bin/../lib/gcc/arm-none-eabi/11.3.1/../../../../arm-none-eabi/lib/thumb/v7e-m+dp/hard\libc_nano.a(libc_a-exit.o) (__stdio_exit_handler)
C:/ST/STM32CubeIDE_1.13.2/STM32CubeIDE/plugins/com.st.stm32cube.ide.mcu.externaltools.gnu-tools-for-stm32.11.3.rel1.win32_1.1.1.202309131626/tools/bin/../lib/gcc/arm-none-eabi/11.3.1/../../../../arm-none-eabi/lib/thumb/v7e-m+dp/hard\libc_nano.a(libc_a-fwalk.o)
                              C:/ST/STM32CubeIDE_1.13.2/STM32CubeIDE/plugins/com.st.stm32cube.ide.mcu.externaltools.gnu-tools-for-stm32.11.3.rel1.win32_1.1.1.202309131626/tools/bin/../lib/gcc/arm-none-eabi/11.3.1/../../../../arm-none-eabi/lib/thumb/v7e-m+dp/hard\libc_nano.a(libc_a-findfp.o) (_fwalk_sglue)
C:/ST/STM32CubeIDE_1.13.2/STM32CubeIDE/plugins/com.st.stm32cube.ide.mcu.externaltools.gnu-tools-for-stm32.11.3.rel1.win32_1.1.1.202309131626/tools/bin/../lib/gcc/arm-none-eabi/11.3.1/../../../../arm-none-eabi/lib/thumb/v7e-m+dp/hard\libc_nano.a(libc_a-stdio.o)
                              C:/ST/STM32CubeIDE_1.13.2/STM32CubeIDE/plugins/com.st.stm32cube.ide.mcu.externaltools.gnu-tools-for-stm32.11.3.rel1.win32_1.1.1.202309131626/tools/bin/../lib/gcc/arm-none-eabi/11.3.1/../../../../arm-none-eabi/lib/thumb/v7e-m+dp/hard\libc_nano.a(libc_a-findfp.o) (__sread)
C:/ST/STM32CubeIDE_1.13.2/STM32CubeIDE/plugins/com.st.stm32cube.ide.mcu.externaltools.gnu-tools-for-stm32.11.3.rel1.win32_1.1.1.202309131626/tools/bin/../lib/gcc/arm-none-eabi/11.3.1/../../../../arm-none-eabi/lib/thumb/v7e-m+dp/hard\libc_nano.a(libc_a-memset.o)
                              C:/ST/STM32CubeIDE_1.13.2/STM32CubeIDE/plugins/com.st.stm32cube.ide.mcu.externaltools.gnu-tools-for-stm32.11.3.rel1.win32_1.1.1.202309131626/tools/bin/../lib/gcc/arm-none-eabi/11.3.1/../../../../arm-none-eabi/lib/thumb/v7e-m+dp/hard/crt0.o (memset)
C:/ST/STM32CubeIDE_1.13.2/STM32CubeIDE/plugins/com.st.stm32cube.ide.mcu.externaltools.gnu-tools-for-stm32.11.3.rel1.win32_1.1.1.202309131626/tools/bin/../lib/gcc/arm-none-eabi/11.3.1/../../../../arm-none-eabi/lib/thumb/v7e-m+dp/hard\libc_nano.a(libc_a-closer.o)
                              C:/ST/STM32CubeIDE_1.13.2/STM32CubeIDE/plugins/com.st.stm32cube.ide.mcu.externaltools.gnu-tools-for-stm32.11.3.rel1.win32_1.1.1.202309131626/tools/bin/../lib/gcc/arm-none-eabi/11.3.1/../../../../arm-none-eabi/lib/thumb/v7e-m+dp/hard\libc_nano.a(libc_a-stdio.o) (_close_r)
[...]
Memory Configuration

Name             Origin             Length             Attributes
FLASH            0x0000000008000000 0x0000000000080000 xr
FLASH2           0x0000000008100000 0x0000000000080000 xr
DTCMRAM          0x0000000020000000 0x0000000000020000 xrw
RAM_D1           0x0000000024000000 0x0000000000080000 xrw
RAM_D2           0x0000000030000000 0x0000000000048000 xrw
RAM_D3           0x0000000038000000 0x0000000000010000 xrw
ITCMRAM          0x0000000000000000 0x0000000000010000 xrw
*default*        0x0000000000000000 0xffffffffffffffff

Linker script and memory map

LOAD C:/ST/STM32CubeIDE_1.13.2/STM32CubeIDE/plugins/com.st.stm32cube.ide.mcu.externaltools.gnu-tools-for-stm32.11.3.rel1.win32_1.1.1.202309131626/tools/bin/../lib/gcc/arm-none-eabi/11.3.1/thumb/v7e-m+dp/hard/crti.o
LOAD C:/ST/STM32CubeIDE_1.13.2/STM32CubeIDE/plugins/com.st.stm32cube.ide.mcu.externaltools.gnu-tools-for-stm32.11.3.rel1.win32_1.1.1.202309131626/tools/bin/../lib/gcc/arm-none-eabi/11.3.1/thumb/v7e-m+dp/hard/crtbegin.o
LOAD C:/ST/STM32CubeIDE_1.13.2/STM32CubeIDE/plugins/com.st.stm32cube.ide.mcu.externaltools.gnu-tools-for-stm32.11.3.rel1.win32_1.1.1.202309131626/tools/bin/../lib/gcc/arm-none-eabi/11.3.1/../../../../arm-none-eabi/lib/thumb/v7e-m+dp/hard/crt0.o
LOAD ./Core/Src/BMS_Communication_Protocol.o
LOAD ./Core/Src/BMS_Power_Control.o
LOAD ./Core/Src/Event_Log.o
LOAD ./Core/Src/INA229.o
LOAD ./Core/Src/LTC6813.o
LOAD ./Core/Src/LTC6813_BMS.o
LOAD ./Core/Src/LTC681x.o
LOAD ./Core/Src/LT_SPI.o
LOAD ./Core/Src/STM32_EEPROM_SPI.o
LOAD ./Core/Src/bms_hardware.o
LOAD ./Core/Src/main.o
LOAD ./Core/Src/stm32_tm1637.o
LOAD ./Core/Src/stm32h7xx_hal_msp.o
LOAD ./Core/Src/stm32h7xx_it.o
LOAD ./Core/Src/syscalls.o
LOAD ./Core/Src/sysmem.o
LOAD ./Core/Src/system_stm32h7xx.o
LOAD ./Core/Src/w25qxx.o
LOAD ./Core/Startup/startup_stm32h743vgtx.o
LOAD ./Drivers/STM32H7xx_HAL_Driver/Src/stm32h7xx_hal.o
LOAD ./Drivers/STM32H7xx_HAL_Driver/Src/stm32h7xx_hal_cortex.o
LOAD ./Drivers/STM32H7xx_HAL_Driver/Src/stm32h7xx_hal_dma.o
LOAD ./Drivers/STM32H7xx_HAL_Driver/Src/stm32h7xx_hal_dma_ex.o
LOAD ./Drivers/STM32H7xx_HAL_Driver/Src/stm32h7xx_hal_exti.o
LOAD ./Drivers/STM32H7xx_HAL_Driver/Src/stm32h7xx_hal_flash.o
LOAD ./Drivers/STM32H7xx_HAL_Driver/Src/stm32h7xx_hal_flash_ex.o
LOAD ./Drivers/STM32H7xx_HAL_Driver/Src/stm32h7xx_hal_gpio.o
LOAD ./Drivers/STM32H7xx_HAL_Driver/Src/stm32h7xx_hal_hsem.o
LOAD ./Drivers/STM32H7xx_HAL_Driver/Src/stm32h7xx_hal_i2c.o
LOAD ./Drivers/STM32H7xx_HAL_Driver/Src/stm32h7xx_hal_i2c_ex.o
LOAD ./Drivers/STM32H7xx_HAL_Driver/Src/stm32h7xx_hal_mdma.o
LOAD ./Drivers/STM32H7xx_HAL_Driver/Src/stm32h7xx_hal_pwr.o
LOAD ./Drivers/STM32H7xx_HAL_Driver/Src/stm32h7xx_hal_pwr_ex.o
LOAD ./Drivers/STM32H7xx_HAL_Driver/Src/stm32h7xx_hal_rcc.o
LOAD ./Drivers/STM32H7xx_HAL_Driver/Src/stm32h7xx_hal_rcc_ex.o
LOAD ./Drivers/STM32H7xx_HAL_Driver/Src/stm32h7xx_hal_rtc.o
LOAD ./Drivers/STM32H7xx_HAL_Driver/Src/stm32h7xx_hal_rtc_ex.o
LOAD ./Drivers/STM32H7xx_HAL_Driver/Src/stm32h7xx_hal_spi.o
LOAD ./Drivers/STM32H7xx_HAL_Driver/Src/stm32h7xx_hal_spi_ex.o
LOAD ./Drivers/STM32H7xx_HAL_Driver/Src/stm32h7xx_hal_tim.o
LOAD ./Drivers/STM32H7xx_HAL_Driver/Src/stm32h7xx_hal_tim_ex.o
LOAD ./Drivers/STM32H7xx_HAL_Driver/Src/stm32h7xx_hal_uart.o
LOAD ./Drivers/STM32H7xx_HAL_Driver/Src/stm32h7xx_hal_uart_ex.o
START GROUP
LOAD C:/ST/STM32CubeIDE_1.13.2/STM32CubeIDE/plugins/com.st.stm32cube.ide.mcu.externaltools.gnu-tools-for-stm32.11.3.rel1.win32_1.1.1.202309131626/tools/bin/../lib/gcc/arm-none-eabi/11.3.1/../../../../arm-none-eabi/lib/thumb/v7e-m+dp/hard\libc_nano.a
LOAD C:/ST/STM32CubeIDE_1.13.2/STM32CubeIDE/plugins/com.st.stm32cube.ide.mcu.externaltools.gnu-tools-for-stm32.11.3.rel1.win32_1.1.1.202309131626/tools/bin/../lib/gcc/arm-none-eabi/11.3.1/../../../../arm-none-eabi/lib/thumb/v7e-m+dp/hard\libm.a
END GROUP
START GROUP
LOAD C:/ST/STM32CubeIDE_1.13.2/STM32CubeIDE/plugins/com.st.stm32cube.ide.mcu.externaltools.gnu-tools-for-stm32.11.3.rel1.win32_1.1.1.202309131626/tools/bin/../lib/gcc/arm-none-eabi/11.3.1/thumb/v7e-m+dp/hard\libgcc.a
LOAD C:/ST/STM32CubeIDE_1.13.2/STM32CubeIDE/plugins/com.st.stm32cube.ide.mcu.externaltools.gnu-tools-for-stm32.11.3.rel1.win32_1.1.1.202309131626/tools/bin/../lib/gcc/arm-none-eabi/11.3.1/../../../../arm-none-eabi/lib/thumb/v7e-m+dp/hard\libc_nano.a
END GROUP
START GROUP
LOAD C:/ST/STM32CubeIDE_1.13.2/STM32CubeIDE/plugins/com.st.stm32cube.ide.mcu.externaltools.gnu-tools-for-stm32.11.3.rel1.win32_1.1.1.202309131626/tools/bin/../lib/gcc/arm-none-eabi/11.3.1/thumb/v7e-m+dp/hard\libgcc.a
LOAD C:/ST/STM32CubeIDE_1.13.2/STM32CubeIDE/plugins/com.st.stm32cube.ide.mcu.externaltools.gnu-tools-for-stm32.11.3.rel1.win32_1.1.1.202309131626/tools/bin/../lib/gcc/arm-none-eabi/11.3.1/../../../../arm-none-eabi/lib/thumb/v7e-m+dp/hard\libc_nano.a
LOAD C:/ST/STM32CubeIDE_1.13.2/STM32CubeIDE/plugins/com.st.stm32cube.ide.mcu.externaltools.gnu-tools-for-stm32.11.3.rel1.win32_1.1.1.202309131626/tools/bin/../lib/gcc/arm-none-eabi/11.3.1/../../../../arm-none-eabi/lib/thumb/v7e-m+dp/hard\libnosys.a
END GROUP
START GROUP
LOAD C:/ST/STM32CubeIDE_1.13.2/STM32CubeIDE/plugins/com.st.stm32cube.ide.mcu.externaltools.gnu-tools-for-stm32.11.3.rel1.win32_1.1.1.202309131626/tools/bin/../lib/gcc/arm-none-eabi/11.3.1/thumb/v7e-m+dp/hard\libgcc.a
LOAD C:/ST/STM32CubeIDE_1.13.2/STM32CubeIDE/plugins/com.st.stm32cube.ide.mcu.externaltools.gnu-tools-for-stm32.11.3.rel1.win32_1.1.1.202309131626/tools/bin/../lib/gcc/arm-none-eabi/11.3.1/../../../../arm-none-eabi/lib/thumb/v7e-m+dp/hard\libc_nano.a
LOAD C:/ST/STM32CubeIDE_1.13.2/STM32CubeIDE/plugins/com.st.stm32cube.ide.mcu.externaltools.gnu-tools-for-stm32.11.3.rel1.win32_1.1.1.202309131626/tools/bin/../lib/gcc/arm-none-eabi/11.3.1/../../../../arm-none-eabi/lib/thumb/v7e-m+dp/hard\libnosys.a
END GROUP
LOAD C:/ST/STM32CubeIDE_1.13.2/STM32CubeIDE/plugins/com.st.stm32cube.ide.mcu.externaltools.gnu-tools-for-stm32.11.3.rel1.win32_1.1.1.202309131626/tools/bin/../lib/gcc/arm-none-eabi/11.3.1/thumb/v7e-m+dp/hard/crtend.o
LOAD C:/ST/STM32CubeIDE_1.13.2/STM32CubeIDE/plugins/com.st.stm32cube.ide.mcu.externaltools.gnu-tools-for-stm32.11.3.rel1.win32_1.1.1.202309131626/tools/bin/../lib/gcc/arm-none-eabi/11.3.1/thumb/v7e-m+dp/hard/crtn.o
                0x0000000024080000                _estack = (ORIGIN (RAM_D1) + LENGTH (RAM_D1))
                0x0000000000000200                _Min_Heap_Size = 0x200
                0x0000000000000400                _Min_Stack_Size = 0x400

.isr_vector     0x0000000008000000      0x298
                0x0000000008000000                . = ALIGN (0x4)
 *(.isr_vector)
 .isr_vector    0x0000000008000000      0x298 ./Core/Startup/startup_stm32h743vgtx.o
                0x0000000008000000                g_pfnVectors
                0x0000000008000298                . = ALIGN (0x4)

.text           0x0000000008000298    0x10760
                0x0000000008000298                . = ALIGN (0x4)
 *(.text)
 .text          0x0000000008000298       0x40 C:/ST/STM32CubeIDE_1.13.2/STM32CubeIDE/plugins/com.st.stm32cube.ide.mcu.externaltools.gnu-tools-for-stm32.11.3.rel1.win32_1.1.1.202309131626/tools/bin/../lib/gcc/arm-none-eabi/11.3.1/thumb/v7e-m+dp/hard/crtbegin.o
 .text          0x00000000080002d8       0xa0 C:/ST/STM32CubeIDE_1.13.2/STM32CubeIDE/plugins/com.st.stm32cube.ide.mcu.externaltools.gnu-tools-for-stm32.11.3.rel1.win32_1.1.1.202309131626/tools/bin/../lib/gcc/arm-none-eabi/11.3.1/thumb/v7e-m+dp/hard\libgcc.a(_aeabi_ldivmod.o)
                0x00000000080002d8                __aeabi_ldivmod
 .text          0x0000000008000378       0x30 C:/ST/STM32CubeIDE_1.13.2/STM32CubeIDE/plugins/com.st.stm32cube.ide.mcu.externaltools.gnu-tools-for-stm32.11.3.rel1.win32_1.1.1.202309131626/tools/bin/../lib/gcc/arm-none-eabi/11.3.1/thumb/v7e-m+dp/hard\libgcc.a(_aeabi_uldivmod.o)
                0x0000000008000378                __aeabi_uldivmod
 .text          0x00000000080003a8      0x2c8 C:/ST/STM32CubeIDE_1.13.2/STM32CubeIDE/plugins/com.st.stm32cube.ide.mcu.externaltools.gnu-tools-for-stm32.11.3.rel1.win32_1.1.1.202309131626/tools/bin/../lib/gcc/arm-none-eabi/11.3.1/thumb/v7e-m+dp/hard\libgcc.a(_udivmoddi4.o)
                0x00000000080003a8                __udivmoddi4
 .text          0x0000000008000670        0x4 C:/ST/STM32CubeIDE_1.13.2/STM32CubeIDE/plugins/com.st.stm32cube.ide.mcu.externaltools.gnu-tools-for-stm32.11.3.rel1.win32_1.1.1.202309131626/tools/bin/../lib/gcc/arm-none-eabi/11.3.1/thumb/v7e-m+dp/hard\libgcc.a(_dvmd_tls.o)
                0x0000000008000670                __aeabi_idiv0
                0x0000000008000670                __aeabi_ldiv0
 *(.text*)
 .text.RS485_RX_FRAME
                0x0000000008000674       0x50 ./Core/Src/BMS_Communication_Protocol.o
                0x0000000008000674                RS485_RX_FRAME
 .text.RS485_RX_FLAG_STATE
                0x00000000080006c4       0xbc ./Core/Src/BMS_Communication_Protocol.o
                0x00000000080006c4                RS485_RX_FLAG_STATE
 .text.Count_Lchksum
                0x0000000008000780       0x54 ./Core/Src/BMS_Communication_Protocol.o
                0x0000000008000780                Count_Lchksum
 .text.Count_Chksum
                0x00000000080007d4       0x4e ./Core/Src/BMS_Communication_Protocol.o
                0x00000000080007d4                Count_Chksum
 .text.Hex_to_ASCII
                0x0000000008000822       0x6a ./Core/Src/BMS_Communication_Protocol.o
                0x0000000008000822                Hex_to_ASCII
 .text.ASCII_to_Hex
                0x000000000800088c       0x48 ./Core/Src/BMS_Communication_Protocol.o
                0x000000000800088c                ASCII_to_Hex
 .text.RS485_Transmit_Remote_Measuring
                0x00000000080008d4      0x498 ./Core/Src/BMS_Communication_Protocol.o
                0x00000000080008d4                RS485_Transmit_Remote_Measuring
 .text.RS485_Transmit_Remote_Signaling
                0x0000000008000d6c      0x338 ./Core/Src/BMS_Communication_Protocol.o
                0x0000000008000d6c                RS485_Transmit_Remote_Signaling
 .text.RS485_Transmit_Remote_Adjusting
                0x00000000080010a4      0x608 ./Core/Src/BMS_Communication_Protocol.o
                0x00000000080010a4                RS485_Transmit_Remote_Adjusting
 .text.RS485_Remote_Set_Command
                0x00000000080016ac      0x378 ./Core/Src/BMS_Communication_Protocol.o
                0x00000000080016ac                RS485_Remote_Set_Command
 .text.Pack_Number_Jamper_Read
                0x0000000008001a24       0x78 ./Core/Src/BMS_Communication_Protocol.o
                0x0000000008001a24                Pack_Number_Jamper_Read
 .text.RS485_Transmit_Remote_History
                0x0000000008001a9c      0x1e8 ./Core/Src/BMS_Communication_Protocol.o
                0x0000000008001a9c                RS485_Transmit_Remote_History
 .text.Alarm_State_Update
                0x0000000008001c84      0x2e4 ./Core/Src/BMS_Communication_Protocol.o
                0x0000000008001c84                Alarm_State_Update
 .text.TURN_OFF_ALL_MOSFETS
                0x0000000008001f68       0x50 ./Core/Src/BMS_Power_Control.o
                0x0000000008001f68                TURN_OFF_ALL_MOSFETS
 .text.TURN_ON_ALL_MOSFETS
                0x0000000008001fb8       0x50 ./Core/Src/BMS_Power_Control.o
                0x0000000008001fb8                TURN_ON_ALL_MOSFETS
 .text.TURN_ON_CHARGE_MOSFET
                0x0000000008002008       0x30 ./Core/Src/BMS_Power_Control.o
                0x0000000008002008                TURN_ON_CHARGE_MOSFET
 .text.TURN_ON_DISCHARGE_MOSFET
                0x0000000008002038       0x30 ./Core/Src/BMS_Power_Control.o
                0x0000000008002038                TURN_ON_DISCHARGE_MOSFET
 .text.TURN_OFF_CHARGE_MOSFET
                0x0000000008002068       0x30 ./Core/Src/BMS_Power_Control.o
                0x0000000008002068                TURN_OFF_CHARGE_MOSFET
 .text.TURN_OFF_DISCHARGE_MOSFET
                0x0000000008002098       0x30 ./Core/Src/BMS_Power_Control.o
                0x0000000008002098                TURN_OFF_DISCHARGE_MOSFET
 .text.TURN_ON_PRE_CHARGE
                0x00000000080020c8       0x18 ./Core/Src/BMS_Power_Control.o
                0x00000000080020c8                TURN_ON_PRE_CHARGE
 .text.TURN_OFF_PRE_CHARGE
                0x00000000080020e0       0x18 ./Core/Src/BMS_Power_Control.o
                0x00000000080020e0                TURN_OFF_PRE_CHARGE
 .text.LED_ALARM_ON
                0x00000000080020f8       0x18 ./Core/Src/BMS_Power_Control.o
                0x00000000080020f8                LED_ALARM_ON
 .text.LED_ALARM_OFF
                0x0000000008002110       0x18 ./Core/Src/BMS_Power_Control.o
                0x0000000008002110                LED_ALARM_OFF
 .text.LED_OK_ON
                0x0000000008002128       0x18 ./Core/Src/BMS_Power_Control.o
                0x0000000008002128                LED_OK_ON
 .text.LED_OK_OFF
                0x0000000008002140       0x18 ./Core/Src/BMS_Power_Control.o
                0x0000000008002140                LED_OK_OFF
 .text.LED_DISCHARGE_ON
                0x0000000008002158       0x18 ./Core/Src/BMS_Power_Control.o
                0x0000000008002158                LED_DISCHARGE_ON
 .text.LED_DISCHARGE_OFF
                0x0000000008002170       0x18 ./Core/Src/BMS_Power_Control.o
                0x0000000008002170                LED_DISCHARGE_OFF
 .text.LED_CHARGE_ON
                0x0000000008002188       0x18 ./Core/Src/BMS_Power_Control.o
                0x0000000008002188                LED_CHARGE_ON
 .text.LED_CHARGE_OFF
                0x00000000080021a0       0x18 ./Core/Src/BMS_Power_Control.o
                0x00000000080021a0                LED_CHARGE_OFF
 .text.Read_History_from_Flash
                0x00000000080021b8       0x24 ./Core/Src/Event_Log.o
                0x00000000080021b8                Read_History_from_Flash
 .text.Read_Measured_Param
                0x00000000080021dc       0x84 ./Core/Src/Event_Log.o
                0x00000000080021dc                Read_Measured_Param
 .text.Read_Clock_and_Date
                0x0000000008002260       0x28 ./Core/Src/Event_Log.o
                0x0000000008002260                Read_Clock_and_Date
 .text.Alarm_Event_Log
                0x0000000008002288       0x20 ./Core/Src/Event_Log.o
                0x0000000008002288                Alarm_Event_Log
 .text.Clear_Flash_Block
                0x00000000080022a8       0x16 ./Core/Src/Event_Log.o
                0x00000000080022a8                Clear_Flash_Block
 *fill*         0x00000000080022be        0x2 
 .text.Save_History_to_Flash
                0x00000000080022c0      0x2a8 ./Core/Src/Event_Log.o
                0x00000000080022c0                Save_History_to_Flash
 .text.INA229_Init
                0x0000000008002568      0x1b0 ./Core/Src/INA229.o
                0x0000000008002568                INA229_Init
 .text.INA229_Read_VSHUNT
                0x0000000008002718       0xfc ./Core/Src/INA229.o
                0x0000000008002718                INA229_Read_VSHUNT
 .text.INA229_Read_ALERT
                0x0000000008002814       0x64 ./Core/Src/INA229.o
                0x0000000008002814                INA229_Read_ALERT
 .text.INA229_Set_Current_Charge_ALRM
                0x0000000008002878       0x6c ./Core/Src/INA229.o
                0x0000000008002878                INA229_Set_Current_Charge_ALRM
 .text.INA229_Set_Current_Discharge_ALRM
                0x00000000080028e4       0x6c ./Core/Src/INA229.o
                0x00000000080028e4                INA229_Set_Current_Discharge_ALRM
 .text.LTC6813_init_reg_limits
                0x0000000008002950       0x9a ./Core/Src/LTC6813.o
                0x0000000008002950                LTC6813_init_reg_limits
 .text.LTC6813_wrcfg
                0x00000000080029ea       0x1e ./Core/Src/LTC6813.o
                0x00000000080029ea                LTC6813_wrcfg
 .text.LTC6813_wrcfgb
                0x0000000008002a08       0x1e ./Core/Src/LTC6813.o
                0x0000000008002a08                LTC6813_wrcfgb
 .text.LTC6813_rdcfg
                0x0000000008002a26       0x2a ./Core/Src/LTC6813.o
                0x0000000008002a26                LTC6813_rdcfg
 .text.LTC6813_rdcfgb
                0x0000000008002a50       0x2a ./Core/Src/LTC6813.o
                0x0000000008002a50                LTC6813_rdcfgb
 .text.LTC6813_adcv
                0x0000000008002a7a       0x26 ./Core/Src/LTC6813.o
                0x0000000008002a7a                LTC6813_adcv
 .text.LTC6813_adax
                0x0000000008002aa0       0x24 ./Core/Src/LTC6813.o
                0x0000000008002aa0                LTC6813_adax
 .text.LTC6813_rdcv
                0x0000000008002ac4       0x2e ./Core/Src/LTC6813.o
                0x0000000008002ac4                LTC6813_rdcv
 .text.LTC6813_rdaux
                0x0000000008002af2       0x2c ./Core/Src/LTC6813.o
                0x0000000008002af2                LTC6813_rdaux
 .text.LTC6813_rdstat
                0x0000000008002b1e       0x30 ./Core/Src/LTC6813.o
                0x0000000008002b1e                LTC6813_rdstat
 .text.LTC6813_pollAdc
                0x0000000008002b4e        0xe ./Core/Src/LTC6813.o
                0x0000000008002b4e                LTC6813_pollAdc
 .text.LTC6813_reset_crc_count
                0x0000000008002b5c       0x1e ./Core/Src/LTC6813.o
                0x0000000008002b5c                LTC6813_reset_crc_count
 .text.LTC6813_init_cfg
                0x0000000008002b7a       0x1e ./Core/Src/LTC6813.o
                0x0000000008002b7a                LTC6813_init_cfg
 .text.LTC6813_set_cfgr
                0x0000000008002b98       0x74 ./Core/Src/LTC6813.o
                0x0000000008002b98                LTC6813_set_cfgr
 .text.LTC6813_init_cfgb
                0x0000000008002c0c       0x56 ./Core/Src/LTC6813.o
                0x0000000008002c0c                LTC6813_init_cfgb
 .text.LTC6813_set_cfgrb
                0x0000000008002c62       0x5c ./Core/Src/LTC6813.o
                0x0000000008002c62                LTC6813_set_cfgrb
 .text.LTC6813_set_cfgrb_fdrf
                0x0000000008002cbe       0x68 ./Core/Src/LTC6813.o
                0x0000000008002cbe                LTC6813_set_cfgrb_fdrf
 .text.LTC6813_set_cfgrb_dtmen
                0x0000000008002d26       0x68 ./Core/Src/LTC6813.o
                0x0000000008002d26                LTC6813_set_cfgrb_dtmen
 .text.LTC6813_set_cfgrb_ps
                0x0000000008002d8e       0xa0 ./Core/Src/LTC6813.o
                0x0000000008002d8e                LTC6813_set_cfgrb_ps
 .text.LTC6813_set_cfgrb_gpio_b
                0x0000000008002e2e       0x9c ./Core/Src/LTC6813.o
                0x0000000008002e2e                LTC6813_set_cfgrb_gpio_b
 .text.LTC6813_set_cfgrb_dcc_b
                0x0000000008002eca      0x184 ./Core/Src/LTC6813.o
                0x0000000008002eca                LTC6813_set_cfgrb_dcc_b
 *fill*         0x000000000800304e        0x2 
 .text.LTC6813_Init
                0x0000000008003050      0x108 ./Core/Src/LTC6813_BMS.o
                0x0000000008003050                LTC6813_Init
 .text.LTC6813_Read_Cell
                0x0000000008003158       0x70 ./Core/Src/LTC6813_BMS.o
                0x0000000008003158                LTC6813_Read_Cell
 .text.LTC6813_Temp_Read
                0x00000000080031c8      0x174 ./Core/Src/LTC6813_BMS.o
                0x00000000080031c8                LTC6813_Temp_Read
 .text.LTC6813_Chk_Start_Error
                0x000000000800333c      0x12c ./Core/Src/LTC6813_BMS.o
                0x000000000800333c                LTC6813_Chk_Start_Error
 .text.wakeup_idle
                0x0000000008003468       0x3a ./Core/Src/LTC681x.o
                0x0000000008003468                wakeup_idle
 .text.wakeup_sleep
                0x00000000080034a2       0x42 ./Core/Src/LTC681x.o
                0x00000000080034a2                wakeup_sleep
 .text.cmd_68   0x00000000080034e4       0x54 ./Core/Src/LTC681x.o
                0x00000000080034e4                cmd_68
 .text.write_68
                0x0000000008003538      0x118 ./Core/Src/LTC681x.o
                0x0000000008003538                write_68
 .text.read_68  0x0000000008003650      0x1a0 ./Core/Src/LTC681x.o
                0x0000000008003650                read_68
 .text.pec15_calc
                0x00000000080037f0       0x68 ./Core/Src/LTC681x.o
                0x00000000080037f0                pec15_calc
 .text.LTC681x_wrcfg
                0x0000000008003858       0xfe ./Core/Src/LTC681x.o
                0x0000000008003858                LTC681x_wrcfg
 .text.LTC681x_wrcfgb
                0x0000000008003956      0x100 ./Core/Src/LTC681x.o
                0x0000000008003956                LTC681x_wrcfgb
 .text.LTC681x_rdcfg
                0x0000000008003a56      0x1b6 ./Core/Src/LTC681x.o
                0x0000000008003a56                LTC681x_rdcfg
 .text.LTC681x_rdcfgb
                0x0000000008003c0c      0x1b6 ./Core/Src/LTC681x.o
                0x0000000008003c0c                LTC681x_rdcfgb
 .text.LTC681x_adcv
                0x0000000008003dc2       0x56 ./Core/Src/LTC681x.o
                0x0000000008003dc2                LTC681x_adcv
 .text.LTC681x_adax
                0x0000000008003e18       0x4a ./Core/Src/LTC681x.o
                0x0000000008003e18                LTC681x_adax
 .text.LTC681x_rdcv
                0x0000000008003e62      0x168 ./Core/Src/LTC681x.o
                0x0000000008003e62                LTC681x_rdcv
 .text.LTC681x_rdaux
                0x0000000008003fca      0x150 ./Core/Src/LTC681x.o
                0x0000000008003fca                LTC681x_rdaux
 .text.LTC681x_rdstat
                0x000000000800411a      0x4fc ./Core/Src/LTC681x.o
                0x000000000800411a                LTC681x_rdstat
 .text.LTC681x_rdcv_reg
                0x0000000008004616       0xbc ./Core/Src/LTC681x.o
                0x0000000008004616                LTC681x_rdcv_reg
 .text.LTC681x_rdaux_reg
                0x00000000080046d2       0xa6 ./Core/Src/LTC681x.o
                0x00000000080046d2                LTC681x_rdaux_reg
 .text.LTC681x_rdstat_reg
                0x0000000008004778       0x86 ./Core/Src/LTC681x.o
                0x0000000008004778                LTC681x_rdstat_reg
 .text.parse_cells
                0x00000000080047fe       0xe2 ./Core/Src/LTC681x.o
                0x00000000080047fe                parse_cells
 .text.LTC681x_pollAdc
                0x00000000080048e0       0x88 ./Core/Src/LTC681x.o
                0x00000000080048e0                LTC681x_pollAdc
 .text.LTC681x_check_pec
                0x0000000008004968      0x348 ./Core/Src/LTC681x.o
                0x0000000008004968                LTC681x_check_pec
 .text.LTC681x_reset_crc_count
                0x0000000008004cb0       0xcc ./Core/Src/LTC681x.o
                0x0000000008004cb0                LTC681x_reset_crc_count
 .text.LTC681x_init_cfg
                0x0000000008004d7c       0x54 ./Core/Src/LTC681x.o
                0x0000000008004d7c                LTC681x_init_cfg
 .text.LTC681x_set_cfgr_refon
                0x0000000008004dd0       0x68 ./Core/Src/LTC681x.o
                0x0000000008004dd0                LTC681x_set_cfgr_refon
 .text.LTC681x_set_cfgr_adcopt
                0x0000000008004e38       0x68 ./Core/Src/LTC681x.o
                0x0000000008004e38                LTC681x_set_cfgr_adcopt
 .text.LTC681x_set_cfgr_gpio
                0x0000000008004ea0       0xa0 ./Core/Src/LTC681x.o
                0x0000000008004ea0                LTC681x_set_cfgr_gpio
 .text.LTC681x_set_cfgr_dis
                0x0000000008004f40      0x11e ./Core/Src/LTC681x.o
                0x0000000008004f40                LTC681x_set_cfgr_dis
 .text.LTC681x_set_cfgr_dcto
                0x000000000800505e       0xa0 ./Core/Src/LTC681x.o
                0x000000000800505e                LTC681x_set_cfgr_dcto
 .text.LTC681x_set_cfgr_uv
                0x00000000080050fe       0x8c ./Core/Src/LTC681x.o
                0x00000000080050fe                LTC681x_set_cfgr_uv
 .text.LTC681x_set_cfgr_ov
                0x000000000800518a       0x84 ./Core/Src/LTC681x.o
                0x000000000800518a                LTC681x_set_cfgr_ov
 *fill*         0x000000000800520e        0x2 
 .text.spi_write
                0x0000000008005210       0x2c ./Core/Src/LT_SPI.o
                0x0000000008005210                spi_write
 .text.spi_read
                0x000000000800523c       0x38 ./Core/Src/LT_SPI.o
                0x000000000800523c                spi_read
 .text.EEPROM_SPI_INIT
                0x0000000008005274       0x2c ./Core/Src/STM32_EEPROM_SPI.o
                0x0000000008005274                EEPROM_SPI_INIT
 .text.EEPROM_SPI_WritePage
                0x00000000080052a0       0xc0 ./Core/Src/STM32_EEPROM_SPI.o
                0x00000000080052a0                EEPROM_SPI_WritePage
 .text.EEPROM_SPI_Write_int32_t
                0x0000000008005360       0x44 ./Core/Src/STM32_EEPROM_SPI.o
                0x0000000008005360                EEPROM_SPI_Write_int32_t
 .text.EEPROM_SPI_WriteBuffer_int32_t
                0x00000000080053a4       0x4c ./Core/Src/STM32_EEPROM_SPI.o
                0x00000000080053a4                EEPROM_SPI_WriteBuffer_int32_t
 .text.EEPROM_SPI_Read_int32_t
                0x00000000080053f0       0x52 ./Core/Src/STM32_EEPROM_SPI.o
                0x00000000080053f0                EEPROM_SPI_Read_int32_t
 *fill*         0x0000000008005442        0x2 
 .text.EEPROM_SPI_ReadBuffer_int32_t
                0x0000000008005444       0x50 ./Core/Src/STM32_EEPROM_SPI.o
                0x0000000008005444                EEPROM_SPI_ReadBuffer_int32_t
 .text.EEPROM_SPI_WriteBuffer
                0x0000000008005494      0x1ea ./Core/Src/STM32_EEPROM_SPI.o
                0x0000000008005494                EEPROM_SPI_WriteBuffer
 *fill*         0x000000000800567e        0x2 
 .text.EEPROM_SPI_ReadBuffer
                0x0000000008005680       0x8c ./Core/Src/STM32_EEPROM_SPI.o
                0x0000000008005680                EEPROM_SPI_ReadBuffer
 .text.sEE_WriteEnable
                0x000000000800570c       0x38 ./Core/Src/STM32_EEPROM_SPI.o
                0x000000000800570c                sEE_WriteEnable
 .text.sEE_WriteDisable
                0x0000000008005744       0x38 ./Core/Src/STM32_EEPROM_SPI.o
                0x0000000008005744                sEE_WriteDisable
 .text.EEPROM_SPI_WaitStandbyState
                0x000000000800577c       0x70 ./Core/Src/STM32_EEPROM_SPI.o
                0x000000000800577c                EEPROM_SPI_WaitStandbyState
 .text.EEPROM_SPI_SendInstruction
                0x00000000080057ec       0x48 ./Core/Src/STM32_EEPROM_SPI.o
                0x00000000080057ec                EEPROM_SPI_SendInstruction
 .text.EEPROM_LOAD_DEFAULT
                0x0000000008005834      0x3e2 ./Core/Src/STM32_EEPROM_SPI.o
                0x0000000008005834                EEPROM_LOAD_DEFAULT
 *fill*         0x0000000008005c16        0x2 
 .text.cs_low   0x0000000008005c18       0x20 ./Core/Src/bms_hardware.o
                0x0000000008005c18                cs_low
 .text.cs_high  0x0000000008005c38       0x20 ./Core/Src/bms_hardware.o
                0x0000000008005c38                cs_high
 .text.delay_u  0x0000000008005c58       0x38 ./Core/Src/bms_hardware.o
                0x0000000008005c58                delay_u
 .text.spi_write_array
                0x0000000008005c90       0x3a ./Core/Src/bms_hardware.o
                0x0000000008005c90                spi_write_array
 .text.spi_write_read
                0x0000000008005cca       0x6c ./Core/Src/bms_hardware.o
                0x0000000008005cca                spi_write_read
 .text.spi_read_byte
                0x0000000008005d36       0x20 ./Core/Src/bms_hardware.o
                0x0000000008005d36                spi_read_byte
 *fill*         0x0000000008005d56        0x2 
 .text.HAL_GPIO_EXTI_Callback
                0x0000000008005d58       0x74 ./Core/Src/main.o
                0x0000000008005d58                HAL_GPIO_EXTI_Callback
 .text.HAL_UART_RxCpltCallback
                0x0000000008005dcc       0x30 ./Core/Src/main.o
                0x0000000008005dcc                HAL_UART_RxCpltCallback
 .text.HAL_TIM_PeriodElapsedCallback
                0x0000000008005dfc       0xa0 ./Core/Src/main.o
                0x0000000008005dfc                HAL_TIM_PeriodElapsedCallback
 .text.Moving_Average_Simple_Current
                0x0000000008005e9c       0x7c ./Core/Src/main.o
                0x0000000008005e9c                Moving_Average_Simple_Current
 .text.main     0x0000000008005f18      0x4b8 ./Core/Src/main.o
                0x0000000008005f18                main
 .text.SystemClock_Config
                0x00000000080063d0      0x128 ./Core/Src/main.o
                0x00000000080063d0                SystemClock_Config
 .text.PeriphCommonClock_Config
                0x00000000080064f8       0x70 ./Core/Src/main.o
                0x00000000080064f8                PeriphCommonClock_Config
 .text.MX_NVIC_Init
                0x0000000008006568       0x38 ./Core/Src/main.o
 .text.MX_RTC_Init
                0x00000000080065a0       0xcc ./Core/Src/main.o
 .text.MX_SPI2_Init
                0x000000000800666c       0xb0 ./Core/Src/main.o
 .text.MX_SPI4_Init
                0x000000000800671c       0xb0 ./Core/Src/main.o
 .text.MX_SPI6_Init
                0x00000000080067cc       0xb4 ./Core/Src/main.o
 .text.MX_TIM6_Init
                0x0000000008006880       0x6c ./Core/Src/main.o
 .text.MX_USART1_UART_Init
                0x00000000080068ec       0x98 ./Core/Src/main.o
 .text.MX_USART2_UART_Init
                0x0000000008006984       0xb8 ./Core/Src/main.o
 .text.MX_GPIO_Init
                0x0000000008006a3c      0x224 ./Core/Src/main.o
 .text.Error_Handler
                0x0000000008006c60        0xa ./Core/Src/main.o
                0x0000000008006c60                Error_Handler
 *fill*         0x0000000008006c6a        0x2 
 .text.tm1637Init
                0x0000000008006c6c       0x9c ./Core/Src/stm32_tm1637.o
                0x0000000008006c6c                tm1637Init
 .text.tm1637DisplayDecimalPnt
                0x0000000008006d08      0x20c ./Core/Src/stm32_tm1637.o
                0x0000000008006d08                tm1637DisplayDecimalPnt
 .text.tm1637SetBrightness
                0x0000000008006f14       0x2a ./Core/Src/stm32_tm1637.o
                0x0000000008006f14                tm1637SetBrightness
 .text._tm1637Start
                0x0000000008006f3e       0x1a ./Core/Src/stm32_tm1637.o
                0x0000000008006f3e                _tm1637Start
 .text._tm1637Stop
                0x0000000008006f58       0x2a ./Core/Src/stm32_tm1637.o
                0x0000000008006f58                _tm1637Stop
 .text._tm1637ReadResult
                0x0000000008006f82       0x20 ./Core/Src/stm32_tm1637.o
                0x0000000008006f82                _tm1637ReadResult
 .text._tm1637WriteByte
                0x0000000008006fa2       0x54 ./Core/Src/stm32_tm1637.o
                0x0000000008006fa2                _tm1637WriteByte
 .text._tm1637DelayUsec
                0x0000000008006ff6       0x38 ./Core/Src/stm32_tm1637.o
                0x0000000008006ff6                _tm1637DelayUsec
 *fill*         0x000000000800702e        0x2 
 .text._tm1637ClkHigh
                0x0000000008007030       0x18 ./Core/Src/stm32_tm1637.o
                0x0000000008007030                _tm1637ClkHigh
 .text._tm1637ClkLow
                0x0000000008007048       0x18 ./Core/Src/stm32_tm1637.o
                0x0000000008007048                _tm1637ClkLow
 .text._tm1637DioHigh
                0x0000000008007060       0x18 ./Core/Src/stm32_tm1637.o
                0x0000000008007060                _tm1637DioHigh
 .text._tm1637DioLow
                0x0000000008007078       0x18 ./Core/Src/stm32_tm1637.o
                0x0000000008007078                _tm1637DioLow
 .text.tm1637WriteSymbol
                0x0000000008007090      0x184 ./Core/Src/stm32_tm1637.o
                0x0000000008007090                tm1637WriteSymbol
 .text.tm1637WriteDigitArr
                0x0000000008007214       0x5e ./Core/Src/stm32_tm1637.o
                0x0000000008007214                tm1637WriteDigitArr
 .text.tm1637WriteSnake
                0x0000000008007272      0x12e ./Core/Src/stm32_tm1637.o
                0x0000000008007272                tm1637WriteSnake
 .text.HAL_MspInit
                0x00000000080073a0       0x34 ./Core/Src/stm32h7xx_hal_msp.o
                0x00000000080073a0                HAL_MspInit
 .text.HAL_RTC_MspInit
                0x00000000080073d4       0x64 ./Core/Src/stm32h7xx_hal_msp.o
                0x00000000080073d4                HAL_RTC_MspInit
 .text.HAL_SPI_MspInit
                0x0000000008007438      0x1c8 ./Core/Src/stm32h7xx_hal_msp.o
                0x0000000008007438                HAL_SPI_MspInit
 .text.HAL_TIM_Base_MspInit
                0x0000000008007600       0x44 ./Core/Src/stm32h7xx_hal_msp.o
                0x0000000008007600                HAL_TIM_Base_MspInit
 .text.HAL_UART_MspInit
                0x0000000008007644      0x104 ./Core/Src/stm32h7xx_hal_msp.o
                0x0000000008007644                HAL_UART_MspInit
 .text.NMI_Handler
                0x0000000008007748        0xa ./Core/Src/stm32h7xx_it.o
                0x0000000008007748                NMI_Handler
 .text.HardFault_Handler
                0x0000000008007752        0x6 ./Core/Src/stm32h7xx_it.o
                0x0000000008007752                HardFault_Handler
 .text.MemManage_Handler
                0x0000000008007758        0x6 ./Core/Src/stm32h7xx_it.o
                0x0000000008007758                MemManage_Handler
 .text.BusFault_Handler
                0x000000000800775e        0x6 ./Core/Src/stm32h7xx_it.o
                0x000000000800775e                BusFault_Handler
 .text.UsageFault_Handler
                0x0000000008007764        0x6 ./Core/Src/stm32h7xx_it.o
                0x0000000008007764                UsageFault_Handler
 .text.SVC_Handler
                0x000000000800776a        0xe ./Core/Src/stm32h7xx_it.o
                0x000000000800776a                SVC_Handler
 .text.DebugMon_Handler
                0x0000000008007778        0xe ./Core/Src/stm32h7xx_it.o
                0x0000000008007778                DebugMon_Handler
 .text.PendSV_Handler
                0x0000000008007786        0xe ./Core/Src/stm32h7xx_it.o
                0x0000000008007786                PendSV_Handler
 .text.SysTick_Handler
                0x0000000008007794        0xc ./Core/Src/stm32h7xx_it.o
                0x0000000008007794                SysTick_Handler
 .text.USART2_IRQHandler
                0x00000000080077a0       0x14 ./Core/Src/stm32h7xx_it.o
                0x00000000080077a0                USART2_IRQHandler
 .text.EXTI15_10_IRQHandler
                0x00000000080077b4       0x10 ./Core/Src/stm32h7xx_it.o
                0x00000000080077b4                EXTI15_10_IRQHandler
 .text.TIM6_DAC_IRQHandler
                0x00000000080077c4       0x14 ./Core/Src/stm32h7xx_it.o
                0x00000000080077c4                TIM6_DAC_IRQHandler
 .text._sbrk    0x00000000080077d8       0x6c ./Core/Src/sysmem.o
                0x00000000080077d8                _sbrk
 .text.SystemInit
                0x0000000008007844      0x110 ./Core/Src/system_stm32h7xx.o
                0x0000000008007844                SystemInit
 .text.W25qxx_Spi
                0x0000000008007954       0x2c ./Core/Src/w25qxx.o
                0x0000000008007954                W25qxx_Spi
 .text.W25qxx_ReadID
                0x0000000008007980       0x70 ./Core/Src/w25qxx.o
                0x0000000008007980                W25qxx_ReadID
 .text.W25qxx_ReadUniqID
                0x00000000080079f0       0x70 ./Core/Src/w25qxx.o
                0x00000000080079f0                W25qxx_ReadUniqID
 .text.W25qxx_WriteEnable
                0x0000000008007a60       0x30 ./Core/Src/w25qxx.o
                0x0000000008007a60                W25qxx_WriteEnable
 .text.W25qxx_ReadStatusRegister
                0x0000000008007a90       0x90 ./Core/Src/w25qxx.o
                0x0000000008007a90                W25qxx_ReadStatusRegister
 .text.W25qxx_WaitForWriteEnd
                0x0000000008007b20       0x58 ./Core/Src/w25qxx.o
                0x0000000008007b20                W25qxx_WaitForWriteEnd
 .text.W25qxx_Init
                0x0000000008007b78      0x1a4 ./Core/Src/w25qxx.o
                0x0000000008007b78                W25qxx_Init
 .text.W25qxx_EraseBlock
                0x0000000008007d1c       0xb8 ./Core/Src/w25qxx.o
                0x0000000008007d1c                W25qxx_EraseBlock
 .text.W25qxx_WritePage
                0x0000000008007dd4      0x10c ./Core/Src/w25qxx.o
                0x0000000008007dd4                W25qxx_WritePage
 .text.W25qxx_ReadPage
                0x0000000008007ee0      0x100 ./Core/Src/w25qxx.o
                0x0000000008007ee0                W25qxx_ReadPage
 .text.Reset_Handler
                0x0000000008007fe0       0x50 ./Core/Startup/startup_stm32h743vgtx.o
                0x0000000008007fe0                Reset_Handler
 .text.Default_Handler
                0x0000000008008030        0x2 ./Core/Startup/startup_stm32h743vgtx.o
                0x0000000008008030                RTC_Alarm_IRQHandler
                0x0000000008008030                EXTI2_IRQHandler
                0x0000000008008030                TIM8_CC_IRQHandler
                0x0000000008008030                HRTIM1_Master_IRQHandler
                0x0000000008008030                UART8_IRQHandler
                0x0000000008008030                SPI4_IRQHandler
                0x0000000008008030                TIM1_CC_IRQHandler
                0x0000000008008030                BDMA_Channel6_IRQHandler
                0x0000000008008030                DMA2_Stream5_IRQHandler
                0x0000000008008030                HRTIM1_FLT_IRQHandler
                0x0000000008008030                JPEG_IRQHandler
                0x0000000008008030                DMA1_Stream5_IRQHandler
                0x0000000008008030                BDMA_Channel1_IRQHandler
                0x0000000008008030                HRTIM1_TIMD_IRQHandler
                0x0000000008008030                TAMP_STAMP_IRQHandler
                0x0000000008008030                EXTI3_IRQHandler
                0x0000000008008030                LPTIM4_IRQHandler
                0x0000000008008030                TIM8_TRG_COM_TIM14_IRQHandler
                0x0000000008008030                LPTIM2_IRQHandler
                0x0000000008008030                DFSDM1_FLT1_IRQHandler
                0x0000000008008030                DMAMUX2_OVR_IRQHandler
                0x0000000008008030                TIM8_UP_TIM13_IRQHandler
                0x0000000008008030                I2C3_ER_IRQHandler
                0x0000000008008030                DFSDM1_FLT2_IRQHandler
                0x0000000008008030                MDMA_IRQHandler
                0x0000000008008030                LPTIM3_IRQHandler
                0x0000000008008030                HSEM1_IRQHandler
                0x0000000008008030                EXTI0_IRQHandler
                0x0000000008008030                I2C2_EV_IRQHandler
                0x0000000008008030                DMA1_Stream2_IRQHandler
                0x0000000008008030                FPU_IRQHandler
                0x0000000008008030                OTG_HS_WKUP_IRQHandler
                0x0000000008008030                FDCAN1_IT1_IRQHandler
                0x0000000008008030                LTDC_ER_IRQHandler
                0x0000000008008030                DMA2_Stream2_IRQHandler
                0x0000000008008030                HRTIM1_TIME_IRQHandler
                0x0000000008008030                SPI1_IRQHandler
                0x0000000008008030                DCMI_IRQHandler
                0x0000000008008030                HRTIM1_TIMC_IRQHandler
                0x0000000008008030                DMA2_Stream3_IRQHandler
                0x0000000008008030                SAI2_IRQHandler
                0x0000000008008030                DFSDM1_FLT3_IRQHandler
                0x0000000008008030                USART6_IRQHandler
                0x0000000008008030                TIM17_IRQHandler
                0x0000000008008030                USART3_IRQHandler
                0x0000000008008030                BDMA_Channel7_IRQHandler
                0x0000000008008030                LPTIM5_IRQHandler
                0x0000000008008030                UART5_IRQHandler
                0x0000000008008030                ADC3_IRQHandler
                0x0000000008008030                DMA2_Stream0_IRQHandler
                0x0000000008008030                TIM4_IRQHandler
                0x0000000008008030                BDMA_Channel2_IRQHandler
                0x0000000008008030                QUADSPI_IRQHandler
                0x0000000008008030                I2C1_EV_IRQHandler
                0x0000000008008030                DMA1_Stream6_IRQHandler
                0x0000000008008030                DMAMUX1_OVR_IRQHandler
                0x0000000008008030                DMA1_Stream1_IRQHandler
                0x0000000008008030                TIM16_IRQHandler
                0x0000000008008030                UART4_IRQHandler
                0x0000000008008030                BDMA_Channel5_IRQHandler
                0x0000000008008030                TIM3_IRQHandler
                0x0000000008008030                RCC_IRQHandler
                0x0000000008008030                TIM8_BRK_TIM12_IRQHandler
                0x0000000008008030                TIM1_TRG_COM_IRQHandler
                0x0000000008008030                Default_Handler
                0x0000000008008030                ECC_IRQHandler
                0x0000000008008030                CEC_IRQHandler
                0x0000000008008030                BDMA_Channel0_IRQHandler
                0x0000000008008030                ADC_IRQHandler
                0x0000000008008030                DMA1_Stream7_IRQHandler
                0x0000000008008030                HRTIM1_TIMA_IRQHandler
                0x0000000008008030                SPI5_IRQHandler
                0x0000000008008030                TIM7_IRQHandler
                0x0000000008008030                SDMMC1_IRQHandler
                0x0000000008008030                TIM5_IRQHandler
                0x0000000008008030                DMA2_Stream7_IRQHandler
                0x0000000008008030                TIM15_IRQHandler
                0x0000000008008030                PVD_AVD_IRQHandler
                0x0000000008008030                I2C3_EV_IRQHandler
                0x0000000008008030                EXTI9_5_IRQHandler
                0x0000000008008030                RTC_WKUP_IRQHandler
                0x0000000008008030                LTDC_IRQHandler
                0x0000000008008030                SAI3_IRQHandler
                0x0000000008008030                ETH_WKUP_IRQHandler
                0x0000000008008030                SPDIF_RX_IRQHandler
                0x0000000008008030                SPI2_IRQHandler
                0x0000000008008030                OTG_HS_EP1_IN_IRQHandler
                0x0000000008008030                DMA1_Stream0_IRQHandler
                0x0000000008008030                CRS_IRQHandler
                0x0000000008008030                EXTI4_IRQHandler
                0x0000000008008030                RNG_IRQHandler
                0x0000000008008030                HRTIM1_TIMB_IRQHandler
                0x0000000008008030                FDCAN2_IT1_IRQHandler
                0x0000000008008030                ETH_IRQHandler
                0x0000000008008030                TIM1_UP_IRQHandler
                0x0000000008008030                BDMA_Channel4_IRQHandler
                0x0000000008008030                OTG_HS_EP1_OUT_IRQHandler
                0x0000000008008030                WWDG_IRQHandler
                0x0000000008008030                SPI6_IRQHandler
                0x0000000008008030                MDIOS_IRQHandler
                0x0000000008008030                I2C4_EV_IRQHandler
                0x0000000008008030                FDCAN2_IT0_IRQHandler
                0x0000000008008030                LPUART1_IRQHandler
                0x0000000008008030                FDCAN1_IT0_IRQHandler
                0x0000000008008030                TIM2_IRQHandler
                0x0000000008008030                OTG_FS_WKUP_IRQHandler
                0x0000000008008030                OTG_HS_IRQHandler
                0x0000000008008030                DMA2D_IRQHandler
                0x0000000008008030                TIM1_BRK_IRQHandler
                0x0000000008008030                EXTI1_IRQHandler
                0x0000000008008030                SDMMC2_IRQHandler
                0x0000000008008030                OTG_FS_EP1_OUT_IRQHandler
                0x0000000008008030                BDMA_Channel3_IRQHandler
                0x0000000008008030                UART7_IRQHandler
                0x0000000008008030                MDIOS_WKUP_IRQHandler
                0x0000000008008030                DFSDM1_FLT0_IRQHandler
                0x0000000008008030                SAI4_IRQHandler
                0x0000000008008030                I2C2_ER_IRQHandler
                0x0000000008008030                DMA2_Stream1_IRQHandler
                0x0000000008008030                FLASH_IRQHandler
                0x0000000008008030                DMA2_Stream4_IRQHandler
                0x0000000008008030                USART1_IRQHandler
                0x0000000008008030                OTG_FS_IRQHandler
                0x0000000008008030                SPI3_IRQHandler
                0x0000000008008030                WAKEUP_PIN_IRQHandler
                0x0000000008008030                DMA1_Stream4_IRQHandler
                0x0000000008008030                OTG_FS_EP1_IN_IRQHandler
                0x0000000008008030                I2C1_ER_IRQHandler
                0x0000000008008030                FMC_IRQHandler
                0x0000000008008030                FDCAN_CAL_IRQHandler
                0x0000000008008030                SWPMI1_IRQHandler
                0x0000000008008030                COMP1_IRQHandler
                0x0000000008008030                LPTIM1_IRQHandler
                0x0000000008008030                I2C4_ER_IRQHandler
                0x0000000008008030                DMA2_Stream6_IRQHandler
                0x0000000008008030                SAI1_IRQHandler
                0x0000000008008030                DMA1_Stream3_IRQHandler
 *fill*         0x0000000008008032        0x2 
 .text.HAL_Init
                0x0000000008008034       0x78 ./Drivers/STM32H7xx_HAL_Driver/Src/stm32h7xx_hal.o
                0x0000000008008034                HAL_Init
 .text.HAL_InitTick
                0x00000000080080ac       0x6c ./Drivers/STM32H7xx_HAL_Driver/Src/stm32h7xx_hal.o
                0x00000000080080ac                HAL_InitTick
 .text.HAL_IncTick
                0x0000000008008118       0x28 ./Drivers/STM32H7xx_HAL_Driver/Src/stm32h7xx_hal.o
                0x0000000008008118                HAL_IncTick
 .text.HAL_GetTick
                0x0000000008008140       0x18 ./Drivers/STM32H7xx_HAL_Driver/Src/stm32h7xx_hal.o
                0x0000000008008140                HAL_GetTick
 .text.HAL_Delay
                0x0000000008008158       0x48 ./Drivers/STM32H7xx_HAL_Driver/Src/stm32h7xx_hal.o
                0x0000000008008158                HAL_Delay
 .text.HAL_GetREVID
                0x00000000080081a0       0x18 ./Drivers/STM32H7xx_HAL_Driver/Src/stm32h7xx_hal.o
                0x00000000080081a0                HAL_GetREVID
 .text.__NVIC_SetPriorityGrouping
                0x00000000080081b8       0x48 ./Drivers/STM32H7xx_HAL_Driver/Src/stm32h7xx_hal_cortex.o
 .text.__NVIC_GetPriorityGrouping
                0x0000000008008200       0x1c ./Drivers/STM32H7xx_HAL_Driver/Src/stm32h7xx_hal_cortex.o
 .text.__NVIC_EnableIRQ
                0x000000000800821c       0x3c ./Drivers/STM32H7xx_HAL_Driver/Src/stm32h7xx_hal_cortex.o
 .text.__NVIC_SetPriority
                0x0000000008008258       0x54 ./Drivers/STM32H7xx_HAL_Driver/Src/stm32h7xx_hal_cortex.o
 .text.NVIC_EncodePriority
                0x00000000080082ac       0x66 ./Drivers/STM32H7xx_HAL_Driver/Src/stm32h7xx_hal_cortex.o
 *fill*         0x0000000008008312        0x2 
 .text.SysTick_Config
                0x0000000008008314       0x44 ./Drivers/STM32H7xx_HAL_Driver/Src/stm32h7xx_hal_cortex.o
 .text.HAL_NVIC_SetPriorityGrouping
                0x0000000008008358       0x16 ./Drivers/STM32H7xx_HAL_Driver/Src/stm32h7xx_hal_cortex.o
                0x0000000008008358                HAL_NVIC_SetPriorityGrouping
 .text.HAL_NVIC_SetPriority
                0x000000000800836e       0x34 ./Drivers/STM32H7xx_HAL_Driver/Src/stm32h7xx_hal_cortex.o
                0x000000000800836e                HAL_NVIC_SetPriority
 .text.HAL_NVIC_EnableIRQ
                0x00000000080083a2       0x1c ./Drivers/STM32H7xx_HAL_Driver/Src/stm32h7xx_hal_cortex.o
                0x00000000080083a2                HAL_NVIC_EnableIRQ
 .text.HAL_SYSTICK_Config
                0x00000000080083be       0x18 ./Drivers/STM32H7xx_HAL_Driver/Src/stm32h7xx_hal_cortex.o
                0x00000000080083be                HAL_SYSTICK_Config
 *fill*         0x00000000080083d6        0x2 
 .text.HAL_DMA_Abort
                0x00000000080083d8      0x63c ./Drivers/STM32H7xx_HAL_Driver/Src/stm32h7xx_hal_dma.o
                0x00000000080083d8                HAL_DMA_Abort
 .text.HAL_DMA_Abort_IT
                0x0000000008008a14      0x48c ./Drivers/STM32H7xx_HAL_Driver/Src/stm32h7xx_hal_dma.o
                0x0000000008008a14                HAL_DMA_Abort_IT
 .text.HAL_GPIO_Init
                0x0000000008008ea0      0x360 ./Drivers/STM32H7xx_HAL_Driver/Src/stm32h7xx_hal_gpio.o
                0x0000000008008ea0                HAL_GPIO_Init
 .text.HAL_GPIO_ReadPin
                0x0000000008009200       0x30 ./Drivers/STM32H7xx_HAL_Driver/Src/stm32h7xx_hal_gpio.o
                0x0000000008009200                HAL_GPIO_ReadPin
 .text.HAL_GPIO_WritePin
                0x0000000008009230       0x32 ./Drivers/STM32H7xx_HAL_Driver/Src/stm32h7xx_hal_gpio.o
                0x0000000008009230                HAL_GPIO_WritePin
 .text.HAL_GPIO_EXTI_IRQHandler
                0x0000000008009262       0x34 ./Drivers/STM32H7xx_HAL_Driver/Src/stm32h7xx_hal_gpio.o
                0x0000000008009262                HAL_GPIO_EXTI_IRQHandler
 *fill*         0x0000000008009296        0x2 
 .text.HAL_PWR_EnableBkUpAccess
                0x0000000008009298       0x20 ./Drivers/STM32H7xx_HAL_Driver/Src/stm32h7xx_hal_pwr.o
                0x0000000008009298                HAL_PWR_EnableBkUpAccess
 .text.HAL_PWREx_ConfigSupply
                0x00000000080092b8       0x74 ./Drivers/STM32H7xx_HAL_Driver/Src/stm32h7xx_hal_pwr_ex.o
                0x00000000080092b8                HAL_PWREx_ConfigSupply
 .text.HAL_RCC_OscConfig
                0x000000000800932c      0x8b4 ./Drivers/STM32H7xx_HAL_Driver/Src/stm32h7xx_hal_rcc.o
                0x000000000800932c                HAL_RCC_OscConfig
 .text.HAL_RCC_ClockConfig
                0x0000000008009be0      0x36c ./Drivers/STM32H7xx_HAL_Driver/Src/stm32h7xx_hal_rcc.o
                0x0000000008009be0                HAL_RCC_ClockConfig
 .text.HAL_RCC_EnableCSS
                0x0000000008009f4c       0x20 ./Drivers/STM32H7xx_HAL_Driver/Src/stm32h7xx_hal_rcc.o
                0x0000000008009f4c                HAL_RCC_EnableCSS
 .text.HAL_RCC_GetSysClockFreq
                0x0000000008009f6c      0x2f4 ./Drivers/STM32H7xx_HAL_Driver/Src/stm32h7xx_hal_rcc.o
                0x0000000008009f6c                HAL_RCC_GetSysClockFreq
 .text.HAL_RCC_GetHCLKFreq
                0x000000000800a260       0x60 ./Drivers/STM32H7xx_HAL_Driver/Src/stm32h7xx_hal_rcc.o
                0x000000000800a260                HAL_RCC_GetHCLKFreq
 .text.HAL_RCC_GetPCLK1Freq
                0x000000000800a2c0       0x2c ./Drivers/STM32H7xx_HAL_Driver/Src/stm32h7xx_hal_rcc.o
                0x000000000800a2c0                HAL_RCC_GetPCLK1Freq
 .text.HAL_RCC_GetPCLK2Freq
                0x000000000800a2ec       0x2c ./Drivers/STM32H7xx_HAL_Driver/Src/stm32h7xx_hal_rcc.o
                0x000000000800a2ec                HAL_RCC_GetPCLK2Freq
 .text.HAL_RCC_NMI_IRQHandler
                0x000000000800a318       0x28 ./Drivers/STM32H7xx_HAL_Driver/Src/stm32h7xx_hal_rcc.o
                0x000000000800a318                HAL_RCC_NMI_IRQHandler
 .text.HAL_RCC_CSSCallback
                0x000000000800a340        0xe ./Drivers/STM32H7xx_HAL_Driver/Src/stm32h7xx_hal_rcc.o
                0x000000000800a340                HAL_RCC_CSSCallback
 *fill*         0x000000000800a34e        0x2 
 .text.HAL_RCCEx_PeriphCLKConfig
                0x000000000800a350     0x1414 ./Drivers/STM32H7xx_HAL_Driver/Src/stm32h7xx_hal_rcc_ex.o
                0x000000000800a350                HAL_RCCEx_PeriphCLKConfig
 .text.HAL_RCCEx_GetD3PCLK1Freq
                0x000000000800b764       0x2c ./Drivers/STM32H7xx_HAL_Driver/Src/stm32h7xx_hal_rcc_ex.o
                0x000000000800b764                HAL_RCCEx_GetD3PCLK1Freq
 .text.HAL_RCCEx_GetPLL2ClockFreq
                0x000000000800b790      0x2a8 ./Drivers/STM32H7xx_HAL_Driver/Src/stm32h7xx_hal_rcc_ex.o
                0x000000000800b790                HAL_RCCEx_GetPLL2ClockFreq
 .text.HAL_RCCEx_GetPLL3ClockFreq
                0x000000000800ba38      0x2a8 ./Drivers/STM32H7xx_HAL_Driver/Src/stm32h7xx_hal_rcc_ex.o
                0x000000000800ba38                HAL_RCCEx_GetPLL3ClockFreq
 .text.RCCEx_PLL2_Config
                0x000000000800bce0      0x164 ./Drivers/STM32H7xx_HAL_Driver/Src/stm32h7xx_hal_rcc_ex.o
 .text.RCCEx_PLL3_Config
                0x000000000800be44      0x164 ./Drivers/STM32H7xx_HAL_Driver/Src/stm32h7xx_hal_rcc_ex.o
 .text.HAL_RTC_Init
                0x000000000800bfa8      0x104 ./Drivers/STM32H7xx_HAL_Driver/Src/stm32h7xx_hal_rtc.o
                0x000000000800bfa8                HAL_RTC_Init
 .text.HAL_RTC_SetTime
                0x000000000800c0ac      0x13c ./Drivers/STM32H7xx_HAL_Driver/Src/stm32h7xx_hal_rtc.o
                0x000000000800c0ac                HAL_RTC_SetTime
 .text.HAL_RTC_GetTime
                0x000000000800c1e8       0xb8 ./Drivers/STM32H7xx_HAL_Driver/Src/stm32h7xx_hal_rtc.o
                0x000000000800c1e8                HAL_RTC_GetTime
 .text.HAL_RTC_SetDate
                0x000000000800c2a0      0x110 ./Drivers/STM32H7xx_HAL_Driver/Src/stm32h7xx_hal_rtc.o
                0x000000000800c2a0                HAL_RTC_SetDate
 .text.HAL_RTC_GetDate
                0x000000000800c3b0       0x9c ./Drivers/STM32H7xx_HAL_Driver/Src/stm32h7xx_hal_rtc.o
                0x000000000800c3b0                HAL_RTC_GetDate
 .text.HAL_RTC_WaitForSynchro
                0x000000000800c44c       0x48 ./Drivers/STM32H7xx_HAL_Driver/Src/stm32h7xx_hal_rtc.o
                0x000000000800c44c                HAL_RTC_WaitForSynchro
 .text.RTC_EnterInitMode
                0x000000000800c494       0x66 ./Drivers/STM32H7xx_HAL_Driver/Src/stm32h7xx_hal_rtc.o
                0x000000000800c494                RTC_EnterInitMode
 *fill*         0x000000000800c4fa        0x2 
 .text.RTC_ExitInitMode
                0x000000000800c4fc       0x7c ./Drivers/STM32H7xx_HAL_Driver/Src/stm32h7xx_hal_rtc.o
                0x000000000800c4fc                RTC_ExitInitMode
 .text.RTC_ByteToBcd2
                0x000000000800c578       0x40 ./Drivers/STM32H7xx_HAL_Driver/Src/stm32h7xx_hal_rtc.o
                0x000000000800c578                RTC_ByteToBcd2
 .text.RTC_Bcd2ToByte
                0x000000000800c5b8       0x34 ./Drivers/STM32H7xx_HAL_Driver/Src/stm32h7xx_hal_rtc.o
                0x000000000800c5b8                RTC_Bcd2ToByte
 .text.HAL_RTCEx_SetCalibrationOutPut
                0x000000000800c5ec       0x8e ./Drivers/STM32H7xx_HAL_Driver/Src/stm32h7xx_hal_rtc_ex.o
                0x000000000800c5ec                HAL_RTCEx_SetCalibrationOutPut
 *fill*         0x000000000800c67a        0x2 
 .text.HAL_SPI_Init
                0x000000000800c67c      0x248 ./Drivers/STM32H7xx_HAL_Driver/Src/stm32h7xx_hal_spi.o
                0x000000000800c67c                HAL_SPI_Init
 .text.HAL_SPI_Transmit
                0x000000000800c8c4      0x3f8 ./Drivers/STM32H7xx_HAL_Driver/Src/stm32h7xx_hal_spi.o
                0x000000000800c8c4                HAL_SPI_Transmit
 .text.HAL_SPI_Receive
                0x000000000800ccbc      0x320 ./Drivers/STM32H7xx_HAL_Driver/Src/stm32h7xx_hal_spi.o
                0x000000000800ccbc                HAL_SPI_Receive
 .text.HAL_SPI_TransmitReceive
                0x000000000800cfdc      0x438 ./Drivers/STM32H7xx_HAL_Driver/Src/stm32h7xx_hal_spi.o
                0x000000000800cfdc                HAL_SPI_TransmitReceive
 .text.SPI_CloseTransfer
                0x000000000800d414      0x140 ./Drivers/STM32H7xx_HAL_Driver/Src/stm32h7xx_hal_spi.o
 .text.SPI_WaitOnFlagUntilTimeout
                0x000000000800d554       0x5c ./Drivers/STM32H7xx_HAL_Driver/Src/stm32h7xx_hal_spi.o
 .text.SPI_GetPacketSize
                0x000000000800d5b0       0x36 ./Drivers/STM32H7xx_HAL_Driver/Src/stm32h7xx_hal_spi.o
 .text.HAL_TIM_Base_Init
                0x000000000800d5e6       0xae ./Drivers/STM32H7xx_HAL_Driver/Src/stm32h7xx_hal_tim.o
                0x000000000800d5e6                HAL_TIM_Base_Init
 .text.HAL_TIM_Base_Start_IT
                0x000000000800d694       0xf0 ./Drivers/STM32H7xx_HAL_Driver/Src/stm32h7xx_hal_tim.o
                0x000000000800d694                HAL_TIM_Base_Start_IT
 .text.HAL_TIM_IRQHandler
                0x000000000800d784      0x23e ./Drivers/STM32H7xx_HAL_Driver/Src/stm32h7xx_hal_tim.o
                0x000000000800d784                HAL_TIM_IRQHandler
 .text.HAL_TIM_OC_DelayElapsedCallback
                0x000000000800d9c2       0x14 ./Drivers/STM32H7xx_HAL_Driver/Src/stm32h7xx_hal_tim.o
                0x000000000800d9c2                HAL_TIM_OC_DelayElapsedCallback
 .text.HAL_TIM_IC_CaptureCallback
                0x000000000800d9d6       0x14 ./Drivers/STM32H7xx_HAL_Driver/Src/stm32h7xx_hal_tim.o
                0x000000000800d9d6                HAL_TIM_IC_CaptureCallback
 .text.HAL_TIM_PWM_PulseFinishedCallback
                0x000000000800d9ea       0x14 ./Drivers/STM32H7xx_HAL_Driver/Src/stm32h7xx_hal_tim.o
                0x000000000800d9ea                HAL_TIM_PWM_PulseFinishedCallback
 .text.HAL_TIM_TriggerCallback
                0x000000000800d9fe       0x14 ./Drivers/STM32H7xx_HAL_Driver/Src/stm32h7xx_hal_tim.o
                0x000000000800d9fe                HAL_TIM_TriggerCallback
 *fill*         0x000000000800da12        0x2 
 .text.TIM_Base_SetConfig
                0x000000000800da14      0x134 ./Drivers/STM32H7xx_HAL_Driver/Src/stm32h7xx_hal_tim.o
                0x000000000800da14                TIM_Base_SetConfig
 .text.HAL_TIMEx_MasterConfigSynchronization
                0x000000000800db48      0x11c ./Drivers/STM32H7xx_HAL_Driver/Src/stm32h7xx_hal_tim_ex.o
                0x000000000800db48                HAL_TIMEx_MasterConfigSynchronization
 .text.HAL_TIMEx_CommutCallback
                0x000000000800dc64       0x14 ./Drivers/STM32H7xx_HAL_Driver/Src/stm32h7xx_hal_tim_ex.o
                0x000000000800dc64                HAL_TIMEx_CommutCallback
 .text.HAL_TIMEx_BreakCallback
                0x000000000800dc78       0x14 ./Drivers/STM32H7xx_HAL_Driver/Src/stm32h7xx_hal_tim_ex.o
                0x000000000800dc78                HAL_TIMEx_BreakCallback
 .text.HAL_TIMEx_Break2Callback
                0x000000000800dc8c       0x14 ./Drivers/STM32H7xx_HAL_Driver/Src/stm32h7xx_hal_tim_ex.o
                0x000000000800dc8c                HAL_TIMEx_Break2Callback
 .text.HAL_UART_Init
                0x000000000800dca0       0xa0 ./Drivers/STM32H7xx_HAL_Driver/Src/stm32h7xx_hal_uart.o
                0x000000000800dca0                HAL_UART_Init
 .text.HAL_UART_Transmit
                0x000000000800dd40      0x11c ./Drivers/STM32H7xx_HAL_Driver/Src/stm32h7xx_hal_uart.o
                0x000000000800dd40                HAL_UART_Transmit
 .text.HAL_UART_Receive_IT
                0x000000000800de5c       0x98 ./Drivers/STM32H7xx_HAL_Driver/Src/stm32h7xx_hal_uart.o
                0x000000000800de5c                HAL_UART_Receive_IT
 .text.HAL_UART_IRQHandler
                0x000000000800def4      0x774 ./Drivers/STM32H7xx_HAL_Driver/Src/stm32h7xx_hal_uart.o
                0x000000000800def4                HAL_UART_IRQHandler
 .text.HAL_UART_TxCpltCallback
                0x000000000800e668       0x14 ./Drivers/STM32H7xx_HAL_Driver/Src/stm32h7xx_hal_uart.o
                0x000000000800e668                HAL_UART_TxCpltCallback
 .text.HAL_UART_ErrorCallback
                0x000000000800e67c       0x14 ./Drivers/STM32H7xx_HAL_Driver/Src/stm32h7xx_hal_uart.o
                0x000000000800e67c                HAL_UART_ErrorCallback
 .text.HAL_UARTEx_RxEventCallback
                0x000000000800e690       0x18 ./Drivers/STM32H7xx_HAL_Driver/Src/stm32h7xx_hal_uart.o
                0x000000000800e690                HAL_UARTEx_RxEventCallback
 .text.UART_SetConfig
                0x000000000800e6a8      0xad0 ./Drivers/STM32H7xx_HAL_Driver/Src/stm32h7xx_hal_uart.o
                0x000000000800e6a8                UART_SetConfig
 .text.UART_AdvFeatureConfig
                0x000000000800f178      0x144 ./Drivers/STM32H7xx_HAL_Driver/Src/stm32h7xx_hal_uart.o
                0x000000000800f178                UART_AdvFeatureConfig
 .text.UART_CheckIdleState
                0x000000000800f2bc      0x154 ./Drivers/STM32H7xx_HAL_Driver/Src/stm32h7xx_hal_uart.o
                0x000000000800f2bc                UART_CheckIdleState
 .text.UART_WaitOnFlagUntilTimeout
                0x000000000800f410       0xce ./Drivers/STM32H7xx_HAL_Driver/Src/stm32h7xx_hal_uart.o
                0x000000000800f410                UART_WaitOnFlagUntilTimeout
 *fill*         0x000000000800f4de        0x2 
 .text.UART_Start_Receive_IT
                0x000000000800f4e0      0x244 ./Drivers/STM32H7xx_HAL_Driver/Src/stm32h7xx_hal_uart.o
                0x000000000800f4e0                UART_Start_Receive_IT
 .text.UART_EndRxTransfer
                0x000000000800f724       0xcc ./Drivers/STM32H7xx_HAL_Driver/Src/stm32h7xx_hal_uart.o
 .text.UART_DMAAbortOnError
                0x000000000800f7f0       0x2c ./Drivers/STM32H7xx_HAL_Driver/Src/stm32h7xx_hal_uart.o
 .text.UART_EndTransmit_IT
                0x000000000800f81c       0x56 ./Drivers/STM32H7xx_HAL_Driver/Src/stm32h7xx_hal_uart.o
 *fill*         0x000000000800f872        0x2 
 .text.UART_RxISR_8BIT
                0x000000000800f874      0x1b8 ./Drivers/STM32H7xx_HAL_Driver/Src/stm32h7xx_hal_uart.o
 .text.UART_RxISR_16BIT
                0x000000000800fa2c      0x1b8 ./Drivers/STM32H7xx_HAL_Driver/Src/stm32h7xx_hal_uart.o
 .text.UART_RxISR_8BIT_FIFOEN
                0x000000000800fbe4      0x360 ./Drivers/STM32H7xx_HAL_Driver/Src/stm32h7xx_hal_uart.o
 .text.UART_RxISR_16BIT_FIFOEN
                0x000000000800ff44      0x368 ./Drivers/STM32H7xx_HAL_Driver/Src/stm32h7xx_hal_uart.o
 .text.HAL_UARTEx_WakeupCallback
                0x00000000080102ac       0x14 ./Drivers/STM32H7xx_HAL_Driver/Src/stm32h7xx_hal_uart_ex.o
                0x00000000080102ac                HAL_UARTEx_WakeupCallback
 .text.HAL_UARTEx_RxFifoFullCallback
                0x00000000080102c0       0x14 ./Drivers/STM32H7xx_HAL_Driver/Src/stm32h7xx_hal_uart_ex.o
                0x00000000080102c0                HAL_UARTEx_RxFifoFullCallback
 .text.HAL_UARTEx_TxFifoEmptyCallback
                0x00000000080102d4       0x14 ./Drivers/STM32H7xx_HAL_Driver/Src/stm32h7xx_hal_uart_ex.o
                0x00000000080102d4                HAL_UARTEx_TxFifoEmptyCallback
 .text.HAL_UARTEx_DisableFifoMode
                0x00000000080102e8       0x72 ./Drivers/STM32H7xx_HAL_Driver/Src/stm32h7xx_hal_uart_ex.o
                0x00000000080102e8                HAL_UARTEx_DisableFifoMode
 .text.HAL_UARTEx_SetTxFifoThreshold
                0x000000000801035a       0x7c ./Drivers/STM32H7xx_HAL_Driver/Src/stm32h7xx_hal_uart_ex.o
                0x000000000801035a                HAL_UARTEx_SetTxFifoThreshold
 .text.HAL_UARTEx_SetRxFifoThreshold
                0x00000000080103d6       0x7c ./Drivers/STM32H7xx_HAL_Driver/Src/stm32h7xx_hal_uart_ex.o
                0x00000000080103d6                HAL_UARTEx_SetRxFifoThreshold
 *fill*         0x0000000008010452        0x2 
 .text.UARTEx_SetNbDataToProcess
                0x0000000008010454       0x9c ./Drivers/STM32H7xx_HAL_Driver/Src/stm32h7xx_hal_uart_ex.o
 .text.malloc   0x00000000080104f0       0x10 C:/ST/STM32CubeIDE_1.13.2/STM32CubeIDE/plugins/com.st.stm32cube.ide.mcu.externaltools.gnu-tools-for-stm32.11.3.rel1.win32_1.1.1.202309131626/tools/bin/../lib/gcc/arm-none-eabi/11.3.1/../../../../arm-none-eabi/lib/thumb/v7e-m+dp/hard\libc_nano.a(libc_a-malloc.o)
                0x00000000080104f0                malloc
 .text.free     0x0000000008010500       0x10 C:/ST/STM32CubeIDE_1.13.2/STM32CubeIDE/plugins/com.st.stm32cube.ide.mcu.externaltools.gnu-tools-for-stm32.11.3.rel1.win32_1.1.1.202309131626/tools/bin/../lib/gcc/arm-none-eabi/11.3.1/../../../../arm-none-eabi/lib/thumb/v7e-m+dp/hard\libc_nano.a(libc_a-malloc.o)
                0x0000000008010500                free
 .text.sbrk_aligned
                0x0000000008010510       0x40 C:/ST/STM32CubeIDE_1.13.2/STM32CubeIDE/plugins/com.st.stm32cube.ide.mcu.externaltools.gnu-tools-for-stm32.11.3.rel1.win32_1.1.1.202309131626/tools/bin/../lib/gcc/arm-none-eabi/11.3.1/../../../../arm-none-eabi/lib/thumb/v7e-m+dp/hard\libc_nano.a(libc_a-mallocr.o)
 .text._malloc_r
                0x0000000008010550      0x100 C:/ST/STM32CubeIDE_1.13.2/STM32CubeIDE/plugins/com.st.stm32cube.ide.mcu.externaltools.gnu-tools-for-stm32.11.3.rel1.win32_1.1.1.202309131626/tools/bin/../lib/gcc/arm-none-eabi/11.3.1/../../../../arm-none-eabi/lib/thumb/v7e-m+dp/hard\libc_nano.a(libc_a-mallocr.o)
                0x0000000008010550                _malloc_r
 .text.__malloc_lock
                0x0000000008010650        0xc C:/ST/STM32CubeIDE_1.13.2/STM32CubeIDE/plugins/com.st.stm32cube.ide.mcu.externaltools.gnu-tools-for-stm32.11.3.rel1.win32_1.1.1.202309131626/tools/bin/../lib/gcc/arm-none-eabi/11.3.1/../../../../arm-none-eabi/lib/thumb/v7e-m+dp/hard\libc_nano.a(libc_a-mlock.o)
                0x0000000008010650                __malloc_lock
 .text.__malloc_unlock
                0x000000000801065c        0xc C:/ST/STM32CubeIDE_1.13.2/STM32CubeIDE/plugins/com.st.stm32cube.ide.mcu.externaltools.gnu-tools-for-stm32.11.3.rel1.win32_1.1.1.202309131626/tools/bin/../lib/gcc/arm-none-eabi/11.3.1/../../../../arm-none-eabi/lib/thumb/v7e-m+dp/hard\libc_nano.a(libc_a-mlock.o)
                0x000000000801065c                __malloc_unlock
 .text.memset   0x0000000008010668       0x10 C:/ST/STM32CubeIDE_1.13.2/STM32CubeIDE/plugins/com.st.stm32cube.ide.mcu.externaltools.gnu-tools-for-stm32.11.3.rel1.win32_1.1.1.202309131626/tools/bin/../lib/gcc/arm-none-eabi/11.3.1/../../../../arm-none-eabi/lib/thumb/v7e-m+dp/hard\libc_nano.a(libc_a-memset.o)
                0x0000000008010668                memset
 .text._sbrk_r  0x0000000008010678       0x20 C:/ST/STM32CubeIDE_1.13.2/STM32CubeIDE/plugins/com.st.stm32cube.ide.mcu.externaltools.gnu-tools-for-stm32.11.3.rel1.win32_1.1.1.202309131626/tools/bin/../lib/gcc/arm-none-eabi/11.3.1/../../../../arm-none-eabi/lib/thumb/v7e-m+dp/hard\libc_nano.a(libc_a-sbrkr.o)
                0x0000000008010678                _sbrk_r
 .text.__errno  0x0000000008010698        0xc C:/ST/STM32CubeIDE_1.13.2/STM32CubeIDE/plugins/com.st.stm32cube.ide.mcu.externaltools.gnu-tools-for-stm32.11.3.rel1.win32_1.1.1.202309131626/tools/bin/../lib/gcc/arm-none-eabi/11.3.1/../../../../arm-none-eabi/lib/thumb/v7e-m+dp/hard\libc_nano.a(libc_a-errno.o)
                0x0000000008010698                __errno
 .text.__libc_init_array
                0x00000000080106a4       0x48 C:/ST/STM32CubeIDE_1.13.2/STM32CubeIDE/plugins/com.st.stm32cube.ide.mcu.externaltools.gnu-tools-for-stm32.11.3.rel1.win32_1.1.1.202309131626/tools/bin/../lib/gcc/arm-none-eabi/11.3.1/../../../../arm-none-eabi/lib/thumb/v7e-m+dp/hard\libc_nano.a(libc_a-init.o)
                0x00000000080106a4                __libc_init_array
 .text.__retarget_lock_acquire_recursive
                0x00000000080106ec        0x2 C:/ST/STM32CubeIDE_1.13.2/STM32CubeIDE/plugins/com.st.stm32cube.ide.mcu.externaltools.gnu-tools-for-stm32.11.3.rel1.win32_1.1.1.202309131626/tools/bin/../lib/gcc/arm-none-eabi/11.3.1/../../../../arm-none-eabi/lib/thumb/v7e-m+dp/hard\libc_nano.a(libc_a-lock.o)
                0x00000000080106ec                __retarget_lock_acquire_recursive
 .text.__retarget_lock_release_recursive
                0x00000000080106ee        0x2 C:/ST/STM32CubeIDE_1.13.2/STM32CubeIDE/plugins/com.st.stm32cube.ide.mcu.externaltools.gnu-tools-for-stm32.11.3.rel1.win32_1.1.1.202309131626/tools/bin/../lib/gcc/arm-none-eabi/11.3.1/../../../../arm-none-eabi/lib/thumb/v7e-m+dp/hard\libc_nano.a(libc_a-lock.o)
                0x00000000080106ee                __retarget_lock_release_recursive
 .text._free_r  0x00000000080106f0       0x98 C:/ST/STM32CubeIDE_1.13.2/STM32CubeIDE/plugins/com.st.stm32cube.ide.mcu.externaltools.gnu-tools-for-stm32.11.3.rel1.win32_1.1.1.202309131626/tools/bin/../lib/gcc/arm-none-eabi/11.3.1/../../../../arm-none-eabi/lib/thumb/v7e-m+dp/hard\libc_nano.a(libc_a-freer.o)
                0x00000000080106f0                _free_r
 .text.log      0x0000000008010788      0x1f0 C:/ST/STM32CubeIDE_1.13.2/STM32CubeIDE/plugins/com.st.stm32cube.ide.mcu.externaltools.gnu-tools-for-stm32.11.3.rel1.win32_1.1.1.202309131626/tools/bin/../lib/gcc/arm-none-eabi/11.3.1/../../../../arm-none-eabi/lib/thumb/v7e-m+dp/hard\libm.a(libm_a-log.o)
                0x0000000008010788                log
 .text.with_errno
                0x0000000008010978       0x16 C:/ST/STM32CubeIDE_1.13.2/STM32CubeIDE/plugins/com.st.stm32cube.ide.mcu.externaltools.gnu-tools-for-stm32.11.3.rel1.win32_1.1.1.202309131626/tools/bin/../lib/gcc/arm-none-eabi/11.3.1/../../../../arm-none-eabi/lib/thumb/v7e-m+dp/hard\libm.a(libm_a-math_err.o)
 *fill*         0x000000000801098e        0x2 
 .text.__math_divzero
                0x0000000008010990       0x30 C:/ST/STM32CubeIDE_1.13.2/STM32CubeIDE/plugins/com.st.stm32cube.ide.mcu.externaltools.gnu-tools-for-stm32.11.3.rel1.win32_1.1.1.202309131626/tools/bin/../lib/gcc/arm-none-eabi/11.3.1/../../../../arm-none-eabi/lib/thumb/v7e-m+dp/hard\libm.a(libm_a-math_err.o)
                0x0000000008010990                __math_divzero
 .text.__math_invalid
                0x00000000080109c0       0x1e C:/ST/STM32CubeIDE_1.13.2/STM32CubeIDE/plugins/com.st.stm32cube.ide.mcu.externaltools.gnu-tools-for-stm32.11.3.rel1.win32_1.1.1.202309131626/tools/bin/../lib/gcc/arm-none-eabi/11.3.1/../../../../arm-none-eabi/lib/thumb/v7e-m+dp/hard\libm.a(libm_a-math_err.o)
                0x00000000080109c0                __math_invalid
 *(.glue_7)
 .glue_7        0x00000000080109de        0x0 linker stubs
 *(.glue_7t)
 .glue_7t       0x00000000080109de        0x0 linker stubs
 *(.eh_frame)
 *fill*         0x00000000080109de        0x2 
 .eh_frame      0x00000000080109e0        0x0 C:/ST/STM32CubeIDE_1.13.2/STM32CubeIDE/plugins/com.st.stm32cube.ide.mcu.externaltools.gnu-tools-for-stm32.11.3.rel1.win32_1.1.1.202309131626/tools/bin/../lib/gcc/arm-none-eabi/11.3.1/thumb/v7e-m+dp/hard/crtbegin.o
 *(.init)
 .init          0x00000000080109e0        0x4 C:/ST/STM32CubeIDE_1.13.2/STM32CubeIDE/plugins/com.st.stm32cube.ide.mcu.externaltools.gnu-tools-for-stm32.11.3.rel1.win32_1.1.1.202309131626/tools/bin/../lib/gcc/arm-none-eabi/11.3.1/thumb/v7e-m+dp/hard/crti.o
                0x00000000080109e0                _init
 .init          0x00000000080109e4        0x8 C:/ST/STM32CubeIDE_1.13.2/STM32CubeIDE/plugins/com.st.stm32cube.ide.mcu.externaltools.gnu-tools-for-stm32.11.3.rel1.win32_1.1.1.202309131626/tools/bin/../lib/gcc/arm-none-eabi/11.3.1/thumb/v7e-m+dp/hard/crtn.o
 *(.fini)
 .fini          0x00000000080109ec        0x4 C:/ST/STM32CubeIDE_1.13.2/STM32CubeIDE/plugins/com.st.stm32cube.ide.mcu.externaltools.gnu-tools-for-stm32.11.3.rel1.win32_1.1.1.202309131626/tools/bin/../lib/gcc/arm-none-eabi/11.3.1/thumb/v7e-m+dp/hard/crti.o
                0x00000000080109ec                _fini
 .fini          0x00000000080109f0        0x8 C:/ST/STM32CubeIDE_1.13.2/STM32CubeIDE/plugins/com.st.stm32cube.ide.mcu.externaltools.gnu-tools-for-stm32.11.3.rel1.win32_1.1.1.202309131626/tools/bin/../lib/gcc/arm-none-eabi/11.3.1/thumb/v7e-m+dp/hard/crtn.o
                0x00000000080109f8                . = ALIGN (0x4)
                0x00000000080109f8                _etext = .

.vfp11_veneer   0x00000000080109f8        0x0
 .vfp11_veneer  0x00000000080109f8        0x0 linker stubs

.v4_bx          0x00000000080109f8        0x0
 .v4_bx         0x00000000080109f8        0x0 linker stubs

.iplt           0x00000000080109f8        0x0
 .iplt          0x00000000080109f8        0x0 C:/ST/STM32CubeIDE_1.13.2/STM32CubeIDE/plugins/com.st.stm32cube.ide.mcu.externaltools.gnu-tools-for-stm32.11.3.rel1.win32_1.1.1.202309131626/tools/bin/../lib/gcc/arm-none-eabi/11.3.1/thumb/v7e-m+dp/hard/crtbegin.o

.rodata         0x00000000080109f8      0xb18
                0x00000000080109f8                . = ALIGN (0x4)
 *(.rodata)
 .rodata        0x00000000080109f8       0x26 ./Core/Src/BMS_Communication_Protocol.o
 *fill*         0x0000000008010a1e        0x2 
 .rodata        0x0000000008010a20        0x3 ./Core/Src/INA229.o
 *(.rodata*)
 *fill*         0x0000000008010a23        0x1 
 .rodata.crc15Table
                0x0000000008010a24      0x200 ./Core/Src/LTC681x.o
                0x0000000008010a24                crc15Table
 .rodata.M      0x0000000008010c24        0x2 ./Core/Src/main.o
                0x0000000008010c24                M
 .rodata.N      0x0000000008010c26        0x2 ./Core/Src/main.o
                0x0000000008010c26                N
 .rodata.segmentMap
                0x0000000008010c28       0x19 ./Core/Src/stm32_tm1637.o
                0x0000000008010c28                segmentMap
 *fill*         0x0000000008010c41        0x3 
 .rodata.D1CorePrescTable
                0x0000000008010c44       0x10 ./Core/Src/system_stm32h7xx.o
                0x0000000008010c44                D1CorePrescTable
 .rodata.UARTPrescTable
                0x0000000008010c54       0x18 ./Drivers/STM32H7xx_HAL_Driver/Src/stm32h7xx_hal_uart.o
                0x0000000008010c54                UARTPrescTable
 .rodata.numerator.1
                0x0000000008010c6c        0x8 ./Drivers/STM32H7xx_HAL_Driver/Src/stm32h7xx_hal_uart_ex.o
 .rodata.denominator.0
                0x0000000008010c74        0x8 ./Drivers/STM32H7xx_HAL_Driver/Src/stm32h7xx_hal_uart_ex.o
 *fill*         0x0000000008010c7c        0x4 
 .rodata.__log_data
                0x0000000008010c80      0x890 C:/ST/STM32CubeIDE_1.13.2/STM32CubeIDE/plugins/com.st.stm32cube.ide.mcu.externaltools.gnu-tools-for-stm32.11.3.rel1.win32_1.1.1.202309131626/tools/bin/../lib/gcc/arm-none-eabi/11.3.1/../../../../arm-none-eabi/lib/thumb/v7e-m+dp/hard\libm.a(libm_a-log_data.o)
                0x0000000008010c80                __log_data
                0x0000000008011510                . = ALIGN (0x4)

.ARM.extab
 *(.ARM.extab* .gnu.linkonce.armextab.*)

.ARM            0x0000000008011510        0x8
                0x0000000008011510                __exidx_start = .
 *(.ARM.exidx*)
 .ARM.exidx     0x0000000008011510        0x8 C:/ST/STM32CubeIDE_1.13.2/STM32CubeIDE/plugins/com.st.stm32cube.ide.mcu.externaltools.gnu-tools-for-stm32.11.3.rel1.win32_1.1.1.202309131626/tools/bin/../lib/gcc/arm-none-eabi/11.3.1/thumb/v7e-m+dp/hard\libgcc.a(_udivmoddi4.o)
                0x0000000008011518                __exidx_end = .

.rel.dyn        0x0000000008011518        0x0
 .rel.iplt      0x0000000008011518        0x0 C:/ST/STM32CubeIDE_1.13.2/STM32CubeIDE/plugins/com.st.stm32cube.ide.mcu.externaltools.gnu-tools-for-stm32.11.3.rel1.win32_1.1.1.202309131626/tools/bin/../lib/gcc/arm-none-eabi/11.3.1/thumb/v7e-m+dp/hard/crtbegin.o

.preinit_array  0x0000000008011518        0x0
                0x0000000008011518                PROVIDE (__preinit_array_start = .)
 *(.preinit_array*)
                0x0000000008011518                PROVIDE (__preinit_array_end = .)

.init_array     0x0000000008011518        0x4
                0x0000000008011518                PROVIDE (__init_array_start = .)
 *(SORT_BY_NAME(.init_array.*))
 *(.init_array*)
 .init_array    0x0000000008011518        0x4 C:/ST/STM32CubeIDE_1.13.2/STM32CubeIDE/plugins/com.st.stm32cube.ide.mcu.externaltools.gnu-tools-for-stm32.11.3.rel1.win32_1.1.1.202309131626/tools/bin/../lib/gcc/arm-none-eabi/11.3.1/thumb/v7e-m+dp/hard/crtbegin.o
                0x000000000801151c                PROVIDE (__init_array_end = .)

.fini_array     0x000000000801151c        0x4
                [!provide]                        PROVIDE (__fini_array_start = .)
 *(SORT_BY_NAME(.fini_array.*))
 *(.fini_array*)
 .fini_array    0x000000000801151c        0x4 C:/ST/STM32CubeIDE_1.13.2/STM32CubeIDE/plugins/com.st.stm32cube.ide.mcu.externaltools.gnu-tools-for-stm32.11.3.rel1.win32_1.1.1.202309131626/tools/bin/../lib/gcc/arm-none-eabi/11.3.1/thumb/v7e-m+dp/hard/crtbegin.o
                [!provide]                        PROVIDE (__fini_array_end = .)
                0x0000000008011520                _sidata = LOADADDR (.data)

.data           0x0000000024000000       0x88 load address 0x0000000008011520
                0x0000000024000000                . = ALIGN (0x4)
                0x0000000024000000                _sdata = .
 *(.data)
 *(.data*)
 .data.REFON    0x0000000024000000        0x1 ./Core/Src/LTC6813_BMS.o
                0x0000000024000000                REFON
 *fill*         0x0000000024000001        0x1 
 .data.UV       0x0000000024000002        0x2 ./Core/Src/LTC6813_BMS.o
                0x0000000024000002                UV
 .data.OV       0x0000000024000004        0x2 ./Core/Src/LTC6813_BMS.o
                0x0000000024000004                OV
 *fill*         0x0000000024000006        0x2 
 .data.dccBits_a
                0x0000000024000008        0xc ./Core/Src/LTC6813_BMS.o
                0x0000000024000008                dccBits_a
 .data.dccBits_b
                0x0000000024000014        0x7 ./Core/Src/LTC6813_BMS.o
                0x0000000024000014                dccBits_b
 *fill*         0x000000002400001b        0x1 
 .data.dctoBits
                0x000000002400001c        0x4 ./Core/Src/LTC6813_BMS.o
                0x000000002400001c                dctoBits
 .data.DTMEN    0x0000000024000020        0x1 ./Core/Src/LTC6813_BMS.o
                0x0000000024000020                DTMEN
 *fill*         0x0000000024000021        0x1 
 .data.Total_Battery_Capacity_mAh
                0x0000000024000022        0x2 ./Core/Src/main.o
                0x0000000024000022                Total_Battery_Capacity_mAh
 .data.Battery_Cycles
                0x0000000024000024        0x2 ./Core/Src/main.o
                0x0000000024000024                Battery_Cycles
 *fill*         0x0000000024000026        0x2 
 .data.SystemCoreClock
                0x0000000024000028        0x4 ./Core/Src/system_stm32h7xx.o
                0x0000000024000028                SystemCoreClock
 .data.SystemD2Clock
                0x000000002400002c        0x4 ./Core/Src/system_stm32h7xx.o
                0x000000002400002c                SystemD2Clock
 .data.uwTickPrio
                0x0000000024000030        0x4 ./Drivers/STM32H7xx_HAL_Driver/Src/stm32h7xx_hal.o
                0x0000000024000030                uwTickPrio
 .data.uwTickFreq
                0x0000000024000034        0x1 ./Drivers/STM32H7xx_HAL_Driver/Src/stm32h7xx_hal.o
                0x0000000024000034                uwTickFreq
 *fill*         0x0000000024000035        0x3 
 .data._impure_data
                0x0000000024000038       0x4c C:/ST/STM32CubeIDE_1.13.2/STM32CubeIDE/plugins/com.st.stm32cube.ide.mcu.externaltools.gnu-tools-for-stm32.11.3.rel1.win32_1.1.1.202309131626/tools/bin/../lib/gcc/arm-none-eabi/11.3.1/../../../../arm-none-eabi/lib/thumb/v7e-m+dp/hard\libc_nano.a(libc_a-impure.o)
                0x0000000024000038                _impure_data
 .data._impure_ptr
                0x0000000024000084        0x4 C:/ST/STM32CubeIDE_1.13.2/STM32CubeIDE/plugins/com.st.stm32cube.ide.mcu.externaltools.gnu-tools-for-stm32.11.3.rel1.win32_1.1.1.202309131626/tools/bin/../lib/gcc/arm-none-eabi/11.3.1/../../../../arm-none-eabi/lib/thumb/v7e-m+dp/hard\libc_nano.a(libc_a-impure.o)
                0x0000000024000084                _impure_ptr
 *(.RamFunc)
 *(.RamFunc*)
                0x0000000024000088                . = ALIGN (0x4)
                0x0000000024000088                _edata = .

.igot.plt       0x0000000024000088        0x0 load address 0x00000000080115a8
 .igot.plt      0x0000000024000088        0x0 C:/ST/STM32CubeIDE_1.13.2/STM32CubeIDE/plugins/com.st.stm32cube.ide.mcu.externaltools.gnu-tools-for-stm32.11.3.rel1.win32_1.1.1.202309131626/tools/bin/../lib/gcc/arm-none-eabi/11.3.1/thumb/v7e-m+dp/hard/crtbegin.o
                0x0000000024000088                . = ALIGN (0x4)

.bss            0x0000000024000088      0xbe8 load address 0x00000000080115a8
                0x0000000024000088                _sbss = .
                0x0000000024000088                __bss_start__ = _sbss
 *(.bss)
 .bss           0x0000000024000088       0x1c C:/ST/STM32CubeIDE_1.13.2/STM32CubeIDE/plugins/com.st.stm32cube.ide.mcu.externaltools.gnu-tools-for-stm32.11.3.rel1.win32_1.1.1.202309131626/tools/bin/../lib/gcc/arm-none-eabi/11.3.1/thumb/v7e-m+dp/hard/crtbegin.o
 *(.bss*)
 .bss.RS485_ASCII_DATA
                0x00000000240000a4       0x88 ./Core/Src/BMS_Communication_Protocol.o
                0x00000000240000a4                RS485_ASCII_DATA
 .bss.RS485_HEX_DATA
                0x000000002400012c       0xff ./Core/Src/BMS_Communication_Protocol.o
                0x000000002400012c                RS485_HEX_DATA
 *fill*         0x000000002400022b        0x1 
 .bss.Hex_to_ASCII_buffer
                0x000000002400022c        0x2 ./Core/Src/BMS_Communication_Protocol.o
                0x000000002400022c                Hex_to_ASCII_buffer
 *fill*         0x000000002400022e        0x2 
 .bss.RS485_Vpack
                0x0000000024000230        0x4 ./Core/Src/BMS_Communication_Protocol.o
                0x0000000024000230                RS485_Vpack
 .bss.RS485_temperature
                0x0000000024000234        0x2 ./Core/Src/BMS_Communication_Protocol.o
                0x0000000024000234                RS485_temperature
 .bss.Command_type
                0x0000000024000236        0x1 ./Core/Src/Event_Log.o
                0x0000000024000236                Command_type
 *fill*         0x0000000024000237        0x1 
 .bss.bms_ic    0x0000000024000238       0xe8 ./Core/Src/LTC6813_BMS.o
                0x0000000024000238                bms_ic
 .bss.current_ic
                0x0000000024000320        0x1 ./Core/Src/LTC6813_BMS.o
                0x0000000024000320                current_ic
 .bss.ERR       0x0000000024000321        0x1 ./Core/Src/LTC6813_BMS.o
                0x0000000024000321                ERR
 *fill*         0x0000000024000322        0x2 
 .bss.Temperature_Code
                0x0000000024000324        0x4 ./Core/Src/LTC6813_BMS.o
                0x0000000024000324                Temperature_Code
 .bss.Ntc_Tmp   0x0000000024000328        0x4 ./Core/Src/LTC6813_BMS.o
                0x0000000024000328                Ntc_Tmp
 .bss.Ntc_R     0x000000002400032c        0x4 ./Core/Src/LTC6813_BMS.o
                0x000000002400032c                Ntc_R
 .bss.AUX_CH_TO_CONVERT
                0x0000000024000330        0x1 ./Core/Src/LTC6813_BMS.o
                0x0000000024000330                AUX_CH_TO_CONVERT
 .bss.NO_OF_REG
                0x0000000024000331        0x1 ./Core/Src/LTC6813_BMS.o
                0x0000000024000331                NO_OF_REG
 .bss.ADCOPT    0x0000000024000332        0x1 ./Core/Src/LTC6813_BMS.o
                0x0000000024000332                ADCOPT
 *fill*         0x0000000024000333        0x1 
 .bss.gpioBits_a
                0x0000000024000334        0x5 ./Core/Src/LTC6813_BMS.o
                0x0000000024000334                gpioBits_a
 *fill*         0x0000000024000339        0x3 
 .bss.gpioBits_b
                0x000000002400033c        0x4 ./Core/Src/LTC6813_BMS.o
                0x000000002400033c                gpioBits_b
 .bss.FDRF      0x0000000024000340        0x1 ./Core/Src/LTC6813_BMS.o
                0x0000000024000340                FDRF
 *fill*         0x0000000024000341        0x3 
 .bss.psBits    0x0000000024000344        0x2 ./Core/Src/LTC6813_BMS.o
                0x0000000024000344                psBits
 *fill*         0x0000000024000346        0x2 
 .bss.EEPROM_SPI
                0x0000000024000348        0x4 ./Core/Src/STM32_EEPROM_SPI.o
                0x0000000024000348                EEPROM_SPI
 .bss.hrtc      0x000000002400034c       0x24 ./Core/Src/main.o
                0x000000002400034c                hrtc
 .bss.hspi2     0x0000000024000370       0x88 ./Core/Src/main.o
                0x0000000024000370                hspi2
 .bss.hspi4     0x00000000240003f8       0x88 ./Core/Src/main.o
                0x00000000240003f8                hspi4
 .bss.hspi6     0x0000000024000480       0x88 ./Core/Src/main.o
                0x0000000024000480                hspi6
 .bss.htim6     0x0000000024000508       0x4c ./Core/Src/main.o
                0x0000000024000508                htim6
 .bss.huart1    0x0000000024000554       0x94 ./Core/Src/main.o
                0x0000000024000554                huart1
 .bss.huart2    0x00000000240005e8       0x94 ./Core/Src/main.o
                0x00000000240005e8                huart2
 .bss.sTime     0x000000002400067c       0x14 ./Core/Src/main.o
                0x000000002400067c                sTime
 .bss.DateToUpdate
                0x0000000024000690        0x4 ./Core/Src/main.o
                0x0000000024000690                DateToUpdate
 .bss.w_buf     0x0000000024000694       0x40 ./Core/Src/main.o
                0x0000000024000694                w_buf
 .bss.r_buf     0x00000000240006d4       0x40 ./Core/Src/main.o
                0x00000000240006d4                r_buf
 .bss.History_Data_Num
                0x0000000024000714        0x2 ./Core/Src/main.o
                0x0000000024000714                History_Data_Num
 *fill*         0x0000000024000716        0x2 
 .bss.Cell_Voltage_Alarm_State
                0x0000000024000718       0x12 ./Core/Src/main.o
                0x0000000024000718                Cell_Voltage_Alarm_State
 *fill*         0x000000002400072a        0x2 
 .bss.Temperature_Alarm_State
                0x000000002400072c        0x4 ./Core/Src/main.o
                0x000000002400072c                Temperature_Alarm_State
 .bss.Current_Alarm_State
                0x0000000024000730        0x1 ./Core/Src/main.o
                0x0000000024000730                Current_Alarm_State
 .bss.Battery_Voltage_Alarm_State
                0x0000000024000731        0x1 ./Core/Src/main.o
                0x0000000024000731                Battery_Voltage_Alarm_State
 .bss.System_State_Code
                0x0000000024000732        0x1 ./Core/Src/main.o
                0x0000000024000732                System_State_Code
 .bss.Voltage_Event_Code
                0x0000000024000733        0x1 ./Core/Src/main.o
                0x0000000024000733                Voltage_Event_Code
 .bss.Temperature_Event_Code
                0x0000000024000734        0x1 ./Core/Src/main.o
                0x0000000024000734                Temperature_Event_Code
 .bss.Current_Event_Code
                0x0000000024000735        0x1 ./Core/Src/main.o
                0x0000000024000735                Current_Event_Code
 .bss.Pack_Location
                0x0000000024000736        0x1 ./Core/Src/main.o
                0x0000000024000736                Pack_Location
 *fill*         0x0000000024000737        0x1 
 .bss.Battery_Residual_Capacity_mAh
                0x0000000024000738        0x4 ./Core/Src/main.o
                0x0000000024000738                Battery_Residual_Capacity_mAh
 *fill*         0x000000002400073c        0x4 
 .bss.Battery_Capacity_Accum
                0x0000000024000740        0x8 ./Core/Src/main.o
                0x0000000024000740                Battery_Capacity_Accum
 .bss.Cell_Voltage_mV
                0x0000000024000748        0x2 ./Core/Src/main.o
                0x0000000024000748                Cell_Voltage_mV
 .bss.Vpack_Voltage_mV
                0x000000002400074a        0x2 ./Core/Src/main.o
                0x000000002400074a                Vpack_Voltage_mV
 .bss.Current_mA
                0x000000002400074c        0x2 ./Core/Src/main.o
                0x000000002400074c                Current_mA
 .bss.Current_Average
                0x000000002400074e        0x2 ./Core/Src/main.o
                0x000000002400074e                Current_Average
 .bss.Environment_temperature
                0x0000000024000750        0x2 ./Core/Src/main.o
                0x0000000024000750                Environment_temperature
 *fill*         0x0000000024000752        0x2 
 .bss.Cell_Voltage_Array
                0x0000000024000754       0x24 ./Core/Src/main.o
                0x0000000024000754                Cell_Voltage_Array
 .bss.RS485_RX_DATA
                0x0000000024000778       0xff ./Core/Src/main.o
                0x0000000024000778                RS485_RX_DATA
 .bss.RS485_RX_DATA_TEMP
                0x0000000024000877        0x1 ./Core/Src/main.o
                0x0000000024000877                RS485_RX_DATA_TEMP
 .bss.RS485_RX_START_FRAME_FLAG
                0x0000000024000878        0x1 ./Core/Src/main.o
                0x0000000024000878                RS485_RX_START_FRAME_FLAG
 .bss.RS485_RX_STOP_FRAME_FLAG
                0x0000000024000879        0x1 ./Core/Src/main.o
                0x0000000024000879                RS485_RX_STOP_FRAME_FLAG
 .bss.RS485_RX_FRAME_DONE_FLAG
                0x000000002400087a        0x1 ./Core/Src/main.o
                0x000000002400087a                RS485_RX_FRAME_DONE_FLAG
 .bss.RS485_RX_COUNTER
                0x000000002400087b        0x1 ./Core/Src/main.o
                0x000000002400087b                RS485_RX_COUNTER
 .bss.Alarm_Flag
                0x000000002400087c        0x1 ./Core/Src/main.o
                0x000000002400087c                Alarm_Flag
 .bss.PackNum_Char_1
                0x000000002400087d        0x1 ./Core/Src/main.o
                0x000000002400087d                PackNum_Char_1
 .bss.PackNum_Char_2
                0x000000002400087e        0x1 ./Core/Src/main.o
                0x000000002400087e                PackNum_Char_2
 .bss.SOC_percent
                0x000000002400087f        0x1 ./Core/Src/main.o
                0x000000002400087f                SOC_percent
 .bss.EEPROM_Write_timer
                0x0000000024000880        0x2 ./Core/Src/main.o
                0x0000000024000880                EEPROM_Write_timer
 *fill*         0x0000000024000882        0x2 
 .bss.EEPROM_Read_Array
                0x0000000024000884      0x114 ./Core/Src/main.o
                0x0000000024000884                EEPROM_Read_Array
 .bss.Para_Array
                0x0000000024000998      0x114 ./Core/Src/main.o
                0x0000000024000998                Para_Array
 .bss.pointer.2
                0x0000000024000aac        0x2 ./Core/Src/main.o
 *fill*         0x0000000024000aae        0x2 
 .bss.average_Out.1
                0x0000000024000ab0        0x4 ./Core/Src/main.o
 .bss.delayLine.0
                0x0000000024000ab4       0x40 ./Core/Src/main.o
 .bss.digitArr.0
                0x0000000024000af4        0x4 ./Core/Src/stm32_tm1637.o
 .bss.__sbrk_heap_end
                0x0000000024000af8        0x4 ./Core/Src/sysmem.o
 .bss.w25qxx    0x0000000024000afc       0x28 ./Core/Src/w25qxx.o
                0x0000000024000afc                w25qxx
 .bss.uwTick    0x0000000024000b24        0x4 ./Drivers/STM32H7xx_HAL_Driver/Src/stm32h7xx_hal.o
                0x0000000024000b24                uwTick
 .bss.__malloc_free_list
                0x0000000024000b28        0x4 C:/ST/STM32CubeIDE_1.13.2/STM32CubeIDE/plugins/com.st.stm32cube.ide.mcu.externaltools.gnu-tools-for-stm32.11.3.rel1.win32_1.1.1.202309131626/tools/bin/../lib/gcc/arm-none-eabi/11.3.1/../../../../arm-none-eabi/lib/thumb/v7e-m+dp/hard\libc_nano.a(libc_a-mallocr.o)
                0x0000000024000b28                __malloc_free_list
 .bss.__malloc_sbrk_start
                0x0000000024000b2c        0x4 C:/ST/STM32CubeIDE_1.13.2/STM32CubeIDE/plugins/com.st.stm32cube.ide.mcu.externaltools.gnu-tools-for-stm32.11.3.rel1.win32_1.1.1.202309131626/tools/bin/../lib/gcc/arm-none-eabi/11.3.1/../../../../arm-none-eabi/lib/thumb/v7e-m+dp/hard\libc_nano.a(libc_a-mallocr.o)
                0x0000000024000b2c                __malloc_sbrk_start
 .bss.__sf      0x0000000024000b30      0x138 C:/ST/STM32CubeIDE_1.13.2/STM32CubeIDE/plugins/com.st.stm32cube.ide.mcu.externaltools.gnu-tools-for-stm32.11.3.rel1.win32_1.1.1.202309131626/tools/bin/../lib/gcc/arm-none-eabi/11.3.1/../../../../arm-none-eabi/lib/thumb/v7e-m+dp/hard\libc_nano.a(libc_a-findfp.o)
                0x0000000024000b30                __sf
 .bss.errno     0x0000000024000c68        0x4 C:/ST/STM32CubeIDE_1.13.2/STM32CubeIDE/plugins/com.st.stm32cube.ide.mcu.externaltools.gnu-tools-for-stm32.11.3.rel1.win32_1.1.1.202309131626/tools/bin/../lib/gcc/arm-none-eabi/11.3.1/../../../../arm-none-eabi/lib/thumb/v7e-m+dp/hard\libc_nano.a(libc_a-reent.o)
                0x0000000024000c68                errno
 .bss.__lock___malloc_recursive_mutex