../Core/Src/stm32_tm1637.c:23:6:tm1637Init	40	static
../Core/Src/stm32_tm1637.c:44:6:tm1637DisplayDecimalZero	32	static
../Core/Src/stm32_tm1637.c:72:6:tm1637DisplayDecimalZeroPnt	32	static
../Core/Src/stm32_tm1637.c:120:6:tm1637DisplayDecimalPnt	40	static
../Core/Src/stm32_tm1637.c:188:6:tm1637SetBrightness	16	static
../Core/Src/stm32_tm1637.c:201:6:_tm1637Start	8	static
../Core/Src/stm32_tm1637.c:209:6:_tm1637Stop	8	static
../Core/Src/stm32_tm1637.c:220:6:_tm1637ReadResult	8	static
../Core/Src/stm32_tm1637.c:230:6:_tm1637WriteByte	24	static
../Core/Src/stm32_tm1637.c:247:6:_tm1637DelayUsec	24	static,ignoring_inline_asm
../Core/Src/stm32_tm1637.c:256:6:_tm1637ClkHigh	8	static
../Core/Src/stm32_tm1637.c:261:6:_tm1637ClkLow	8	static
../Core/Src/stm32_tm1637.c:266:6:_tm1637DioHigh	8	static
../Core/Src/stm32_tm1637.c:271:6:_tm1637DioLow	8	static
../Core/Src/stm32_tm1637.c:276:6:tm1637WriteSymbol	24	static
../Core/Src/stm32_tm1637.c:332:6:tm1637ClearScreen	8	static
../Core/Src/stm32_tm1637.c:339:6:tm1637WriteDigitArr	24	static
../Core/Src/stm32_tm1637.c:356:7:tm1637WriteSnake	24	static
../Core/Src/stm32_tm1637.c:419:6:tm1637DisplayDecimal	40	static
